Archive member included to satisfy reference by file (symbol)

c:/st/stm32cubeide_1.7.0/stm32cubeide/plugins/com.st.stm32cube.ide.mcu.externaltools.gnu-tools-for-stm32.10.3-2021.10.win32_1.0.0.202111181127/tools/bin/../lib/gcc/arm-none-eabi/10.3.1/../../../../arm-none-eabi/lib/thumb/v7e-m+fp/hard\libstdc++_nano.a(del_ops.o)
                              ./Core/Src/queue.o (operator delete(void*, unsigned int))
c:/st/stm32cubeide_1.7.0/stm32cubeide/plugins/com.st.stm32cube.ide.mcu.externaltools.gnu-tools-for-stm32.10.3-2021.10.win32_1.0.0.202111181127/tools/bin/../lib/gcc/arm-none-eabi/10.3.1/../../../../arm-none-eabi/lib/thumb/v7e-m+fp/hard\libstdc++_nano.a(new_op.o)
                              ./Core/Src/main.o (operator new(unsigned int))
c:/st/stm32cubeide_1.7.0/stm32cubeide/plugins/com.st.stm32cube.ide.mcu.externaltools.gnu-tools-for-stm32.10.3-2021.10.win32_1.0.0.202111181127/tools/bin/../lib/gcc/arm-none-eabi/10.3.1/../../../../arm-none-eabi/lib/thumb/v7e-m+fp/hard\libstdc++_nano.a(pure.o)
                              ./Core/Src/main.o (__cxa_pure_virtual)
c:/st/stm32cubeide_1.7.0/stm32cubeide/plugins/com.st.stm32cube.ide.mcu.externaltools.gnu-tools-for-stm32.10.3-2021.10.win32_1.0.0.202111181127/tools/bin/../lib/gcc/arm-none-eabi/10.3.1/../../../../arm-none-eabi/lib/thumb/v7e-m+fp/hard\libstdc++_nano.a(del_op.o)
                              c:/st/stm32cubeide_1.7.0/stm32cubeide/plugins/com.st.stm32cube.ide.mcu.externaltools.gnu-tools-for-stm32.10.3-2021.10.win32_1.0.0.202111181127/tools/bin/../lib/gcc/arm-none-eabi/10.3.1/../../../../arm-none-eabi/lib/thumb/v7e-m+fp/hard\libstdc++_nano.a(del_ops.o) (operator delete(void*))
c:/st/stm32cubeide_1.7.0/stm32cubeide/plugins/com.st.stm32cube.ide.mcu.externaltools.gnu-tools-for-stm32.10.3-2021.10.win32_1.0.0.202111181127/tools/bin/../lib/gcc/arm-none-eabi/10.3.1/../../../../arm-none-eabi/lib/thumb/v7e-m+fp/hard\libstdc++_nano.a(eh_terminate.o)
                              c:/st/stm32cubeide_1.7.0/stm32cubeide/plugins/com.st.stm32cube.ide.mcu.externaltools.gnu-tools-for-stm32.10.3-2021.10.win32_1.0.0.202111181127/tools/bin/../lib/gcc/arm-none-eabi/10.3.1/../../../../arm-none-eabi/lib/thumb/v7e-m+fp/hard\libstdc++_nano.a(pure.o) (std::terminate())
c:/st/stm32cubeide_1.7.0/stm32cubeide/plugins/com.st.stm32cube.ide.mcu.externaltools.gnu-tools-for-stm32.10.3-2021.10.win32_1.0.0.202111181127/tools/bin/../lib/gcc/arm-none-eabi/10.3.1/../../../../arm-none-eabi/lib/thumb/v7e-m+fp/hard\libstdc++_nano.a(eh_unex_handler.o)
                              c:/st/stm32cubeide_1.7.0/stm32cubeide/plugins/com.st.stm32cube.ide.mcu.externaltools.gnu-tools-for-stm32.10.3-2021.10.win32_1.0.0.202111181127/tools/bin/../lib/gcc/arm-none-eabi/10.3.1/../../../../arm-none-eabi/lib/thumb/v7e-m+fp/hard\libstdc++_nano.a(eh_terminate.o) (__cxxabiv1::__unexpected_handler)
c:/st/stm32cubeide_1.7.0/stm32cubeide/plugins/com.st.stm32cube.ide.mcu.externaltools.gnu-tools-for-stm32.10.3-2021.10.win32_1.0.0.202111181127/tools/bin/../lib/gcc/arm-none-eabi/10.3.1/../../../../arm-none-eabi/lib/thumb/v7e-m+fp/hard\libstdc++_nano.a(new_handler.o)
                              c:/st/stm32cubeide_1.7.0/stm32cubeide/plugins/com.st.stm32cube.ide.mcu.externaltools.gnu-tools-for-stm32.10.3-2021.10.win32_1.0.0.202111181127/tools/bin/../lib/gcc/arm-none-eabi/10.3.1/../../../../arm-none-eabi/lib/thumb/v7e-m+fp/hard\libstdc++_nano.a(new_op.o) (std::get_new_handler())
c:/st/stm32cubeide_1.7.0/stm32cubeide/plugins/com.st.stm32cube.ide.mcu.externaltools.gnu-tools-for-stm32.10.3-2021.10.win32_1.0.0.202111181127/tools/bin/../lib/gcc/arm-none-eabi/10.3.1/../../../../arm-none-eabi/lib/thumb/v7e-m+fp/hard\libstdc++_nano.a(eh_term_handler.o)
                              c:/st/stm32cubeide_1.7.0/stm32cubeide/plugins/com.st.stm32cube.ide.mcu.externaltools.gnu-tools-for-stm32.10.3-2021.10.win32_1.0.0.202111181127/tools/bin/../lib/gcc/arm-none-eabi/10.3.1/../../../../arm-none-eabi/lib/thumb/v7e-m+fp/hard\libstdc++_nano.a(eh_terminate.o) (__cxxabiv1::__terminate_handler)
c:/st/stm32cubeide_1.7.0/stm32cubeide/plugins/com.st.stm32cube.ide.mcu.externaltools.gnu-tools-for-stm32.10.3-2021.10.win32_1.0.0.202111181127/tools/bin/../lib/gcc/arm-none-eabi/10.3.1/../../../../arm-none-eabi/lib/thumb/v7e-m+fp/hard\libc_nano.a(lib_a-abort.o)
                              c:/st/stm32cubeide_1.7.0/stm32cubeide/plugins/com.st.stm32cube.ide.mcu.externaltools.gnu-tools-for-stm32.10.3-2021.10.win32_1.0.0.202111181127/tools/bin/../lib/gcc/arm-none-eabi/10.3.1/../../../../arm-none-eabi/lib/thumb/v7e-m+fp/hard\libstdc++_nano.a(new_op.o) (abort)
c:/st/stm32cubeide_1.7.0/stm32cubeide/plugins/com.st.stm32cube.ide.mcu.externaltools.gnu-tools-for-stm32.10.3-2021.10.win32_1.0.0.202111181127/tools/bin/../lib/gcc/arm-none-eabi/10.3.1/../../../../arm-none-eabi/lib/thumb/v7e-m+fp/hard\libc_nano.a(lib_a-errno.o)
                              ./Core/Src/syscalls.o (__errno)
[...]
Memory Configuration

Name             Origin             Length             Attributes
RAM              0x0000000020000000 0x0000000000018000 xrw
FLASH            0x0000000008000000 0x0000000000080000 xr
*default*        0x0000000000000000 0xffffffffffffffff

Linker script and memory map

LOAD c:/st/stm32cubeide_1.7.0/stm32cubeide/plugins/com.st.stm32cube.ide.mcu.externaltools.gnu-tools-for-stm32.10.3-2021.10.win32_1.0.0.202111181127/tools/bin/../lib/gcc/arm-none-eabi/10.3.1/thumb/v7e-m+fp/hard/crti.o
LOAD c:/st/stm32cubeide_1.7.0/stm32cubeide/plugins/com.st.stm32cube.ide.mcu.externaltools.gnu-tools-for-stm32.10.3-2021.10.win32_1.0.0.202111181127/tools/bin/../lib/gcc/arm-none-eabi/10.3.1/thumb/v7e-m+fp/hard/crtbegin.o
LOAD c:/st/stm32cubeide_1.7.0/stm32cubeide/plugins/com.st.stm32cube.ide.mcu.externaltools.gnu-tools-for-stm32.10.3-2021.10.win32_1.0.0.202111181127/tools/bin/../lib/gcc/arm-none-eabi/10.3.1/../../../../arm-none-eabi/lib/thumb/v7e-m+fp/hard/crt0.o
LOAD ./Core/Src/MPU6050.o
LOAD ./Core/Src/clockcalendar.o
LOAD ./Core/Src/communication.o
LOAD ./Core/Src/gpio.o
LOAD ./Core/Src/i2c.o
LOAD ./Core/Src/main.o
LOAD ./Core/Src/node.o
LOAD ./Core/Src/queue.o
LOAD ./Core/Src/stm32f4xx_hal_msp.o
LOAD ./Core/Src/stm32f4xx_it.o
LOAD ./Core/Src/syscalls.o
LOAD ./Core/Src/sysmem.o
LOAD ./Core/Src/system_stm32f4xx.o
LOAD ./Core/Src/usart.o
LOAD ./Core/Startup/startup_stm32f401retx.o
LOAD ./Drivers/STM32F4xx_HAL_Driver/Src/stm32f4xx_hal.o
LOAD ./Drivers/STM32F4xx_HAL_Driver/Src/stm32f4xx_hal_cortex.o
LOAD ./Drivers/STM32F4xx_HAL_Driver/Src/stm32f4xx_hal_dma.o
LOAD ./Drivers/STM32F4xx_HAL_Driver/Src/stm32f4xx_hal_dma_ex.o
LOAD ./Drivers/STM32F4xx_HAL_Driver/Src/stm32f4xx_hal_exti.o
LOAD ./Drivers/STM32F4xx_HAL_Driver/Src/stm32f4xx_hal_flash.o
LOAD ./Drivers/STM32F4xx_HAL_Driver/Src/stm32f4xx_hal_flash_ex.o
LOAD ./Drivers/STM32F4xx_HAL_Driver/Src/stm32f4xx_hal_flash_ramfunc.o
LOAD ./Drivers/STM32F4xx_HAL_Driver/Src/stm32f4xx_hal_gpio.o
LOAD ./Drivers/STM32F4xx_HAL_Driver/Src/stm32f4xx_hal_i2c.o
LOAD ./Drivers/STM32F4xx_HAL_Driver/Src/stm32f4xx_hal_i2c_ex.o
LOAD ./Drivers/STM32F4xx_HAL_Driver/Src/stm32f4xx_hal_pwr.o
LOAD ./Drivers/STM32F4xx_HAL_Driver/Src/stm32f4xx_hal_pwr_ex.o
LOAD ./Drivers/STM32F4xx_HAL_Driver/Src/stm32f4xx_hal_rcc.o
LOAD ./Drivers/STM32F4xx_HAL_Driver/Src/stm32f4xx_hal_rcc_ex.o
LOAD ./Drivers/STM32F4xx_HAL_Driver/Src/stm32f4xx_hal_tim.o
LOAD ./Drivers/STM32F4xx_HAL_Driver/Src/stm32f4xx_hal_tim_ex.o
LOAD ./Drivers/STM32F4xx_HAL_Driver/Src/stm32f4xx_hal_uart.o
START GROUP
LOAD c:/st/stm32cubeide_1.7.0/stm32cubeide/plugins/com.st.stm32cube.ide.mcu.externaltools.gnu-tools-for-stm32.10.3-2021.10.win32_1.0.0.202111181127/tools/bin/../lib/gcc/arm-none-eabi/10.3.1/../../../../arm-none-eabi/lib/thumb/v7e-m+fp/hard\libstdc++_nano.a
LOAD c:/st/stm32cubeide_1.7.0/stm32cubeide/plugins/com.st.stm32cube.ide.mcu.externaltools.gnu-tools-for-stm32.10.3-2021.10.win32_1.0.0.202111181127/tools/bin/../lib/gcc/arm-none-eabi/10.3.1/../../../../arm-none-eabi/lib/thumb/v7e-m+fp/hard\libsupc++_nano.a
END GROUP
LOAD c:/st/stm32cubeide_1.7.0/stm32cubeide/plugins/com.st.stm32cube.ide.mcu.externaltools.gnu-tools-for-stm32.10.3-2021.10.win32_1.0.0.202111181127/tools/bin/../lib/gcc/arm-none-eabi/10.3.1/../../../../arm-none-eabi/lib/thumb/v7e-m+fp/hard\libstdc++_nano.a
LOAD c:/st/stm32cubeide_1.7.0/stm32cubeide/plugins/com.st.stm32cube.ide.mcu.externaltools.gnu-tools-for-stm32.10.3-2021.10.win32_1.0.0.202111181127/tools/bin/../lib/gcc/arm-none-eabi/10.3.1/../../../../arm-none-eabi/lib/thumb/v7e-m+fp/hard\libm.a
LOAD c:/st/stm32cubeide_1.7.0/stm32cubeide/plugins/com.st.stm32cube.ide.mcu.externaltools.gnu-tools-for-stm32.10.3-2021.10.win32_1.0.0.202111181127/tools/bin/../lib/gcc/arm-none-eabi/10.3.1/../../../../arm-none-eabi/lib/thumb/v7e-m+fp/hard\libc_nano.a
START GROUP
LOAD c:/st/stm32cubeide_1.7.0/stm32cubeide/plugins/com.st.stm32cube.ide.mcu.externaltools.gnu-tools-for-stm32.10.3-2021.10.win32_1.0.0.202111181127/tools/bin/../lib/gcc/arm-none-eabi/10.3.1/thumb/v7e-m+fp/hard\libgcc.a
LOAD c:/st/stm32cubeide_1.7.0/stm32cubeide/plugins/com.st.stm32cube.ide.mcu.externaltools.gnu-tools-for-stm32.10.3-2021.10.win32_1.0.0.202111181127/tools/bin/../lib/gcc/arm-none-eabi/10.3.1/../../../../arm-none-eabi/lib/thumb/v7e-m+fp/hard\libc_nano.a
END GROUP
START GROUP
LOAD c:/st/stm32cubeide_1.7.0/stm32cubeide/plugins/com.st.stm32cube.ide.mcu.externaltools.gnu-tools-for-stm32.10.3-2021.10.win32_1.0.0.202111181127/tools/bin/../lib/gcc/arm-none-eabi/10.3.1/thumb/v7e-m+fp/hard\libgcc.a
LOAD c:/st/stm32cubeide_1.7.0/stm32cubeide/plugins/com.st.stm32cube.ide.mcu.externaltools.gnu-tools-for-stm32.10.3-2021.10.win32_1.0.0.202111181127/tools/bin/../lib/gcc/arm-none-eabi/10.3.1/../../../../arm-none-eabi/lib/thumb/v7e-m+fp/hard\libc_nano.a
LOAD c:/st/stm32cubeide_1.7.0/stm32cubeide/plugins/com.st.stm32cube.ide.mcu.externaltools.gnu-tools-for-stm32.10.3-2021.10.win32_1.0.0.202111181127/tools/bin/../lib/gcc/arm-none-eabi/10.3.1/../../../../arm-none-eabi/lib/thumb/v7e-m+fp/hard\libnosys.a
END GROUP
START GROUP
LOAD c:/st/stm32cubeide_1.7.0/stm32cubeide/plugins/com.st.stm32cube.ide.mcu.externaltools.gnu-tools-for-stm32.10.3-2021.10.win32_1.0.0.202111181127/tools/bin/../lib/gcc/arm-none-eabi/10.3.1/thumb/v7e-m+fp/hard\libgcc.a
LOAD c:/st/stm32cubeide_1.7.0/stm32cubeide/plugins/com.st.stm32cube.ide.mcu.externaltools.gnu-tools-for-stm32.10.3-2021.10.win32_1.0.0.202111181127/tools/bin/../lib/gcc/arm-none-eabi/10.3.1/../../../../arm-none-eabi/lib/thumb/v7e-m+fp/hard\libc_nano.a
LOAD c:/st/stm32cubeide_1.7.0/stm32cubeide/plugins/com.st.stm32cube.ide.mcu.externaltools.gnu-tools-for-stm32.10.3-2021.10.win32_1.0.0.202111181127/tools/bin/../lib/gcc/arm-none-eabi/10.3.1/../../../../arm-none-eabi/lib/thumb/v7e-m+fp/hard\libnosys.a
END GROUP
LOAD c:/st/stm32cubeide_1.7.0/stm32cubeide/plugins/com.st.stm32cube.ide.mcu.externaltools.gnu-tools-for-stm32.10.3-2021.10.win32_1.0.0.202111181127/tools/bin/../lib/gcc/arm-none-eabi/10.3.1/thumb/v7e-m+fp/hard/crtend.o
LOAD c:/st/stm32cubeide_1.7.0/stm32cubeide/plugins/com.st.stm32cube.ide.mcu.externaltools.gnu-tools-for-stm32.10.3-2021.10.win32_1.0.0.202111181127/tools/bin/../lib/gcc/arm-none-eabi/10.3.1/thumb/v7e-m+fp/hard/crtn.o
                0x0000000020018000                _estack = (ORIGIN (RAM) + LENGTH (RAM))
                0x0000000000000200                _Min_Heap_Size = 0x200
                0x0000000000000400                _Min_Stack_Size = 0x400

.isr_vector     0x0000000008000000      0x194
                0x0000000008000000                . = ALIGN (0x4)
 *(.isr_vector)
 .isr_vector    0x0000000008000000      0x194 ./Core/Startup/startup_stm32f401retx.o
                0x0000000008000000                g_pfnVectors
                0x0000000008000194                . = ALIGN (0x4)

.text           0x0000000008000198     0x40c0
                0x0000000008000198                . = ALIGN (0x4)
 *(.text)
 .text          0x0000000008000198       0x40 c:/st/stm32cubeide_1.7.0/stm32cubeide/plugins/com.st.stm32cube.ide.mcu.externaltools.gnu-tools-for-stm32.10.3-2021.10.win32_1.0.0.202111181127/tools/bin/../lib/gcc/arm-none-eabi/10.3.1/thumb/v7e-m+fp/hard/crtbegin.o
 .text          0x00000000080001d8      0x378 c:/st/stm32cubeide_1.7.0/stm32cubeide/plugins/com.st.stm32cube.ide.mcu.externaltools.gnu-tools-for-stm32.10.3-2021.10.win32_1.0.0.202111181127/tools/bin/../lib/gcc/arm-none-eabi/10.3.1/thumb/v7e-m+fp/hard\libgcc.a(_arm_addsubdf3.o)
                0x00000000080001d8                __aeabi_drsub
                0x00000000080001e0                __aeabi_dsub
                0x00000000080001e0                __subdf3
                0x00000000080001e4                __aeabi_dadd
                0x00000000080001e4                __adddf3
                0x000000000800045c                __floatunsidf
                0x000000000800045c                __aeabi_ui2d
                0x000000000800047c                __floatsidf
                0x000000000800047c                __aeabi_i2d
                0x00000000080004a0                __aeabi_f2d
                0x00000000080004a0                __extendsfdf2
                0x00000000080004e4                __floatundidf
                0x00000000080004e4                __aeabi_ul2d
                0x00000000080004f4                __floatdidf
                0x00000000080004f4                __aeabi_l2d
 .text          0x0000000008000550       0xa0 c:/st/stm32cubeide_1.7.0/stm32cubeide/plugins/com.st.stm32cube.ide.mcu.externaltools.gnu-tools-for-stm32.10.3-2021.10.win32_1.0.0.202111181127/tools/bin/../lib/gcc/arm-none-eabi/10.3.1/thumb/v7e-m+fp/hard\libgcc.a(_arm_truncdfsf2.o)
                0x0000000008000550                __truncdfsf2
                0x0000000008000550                __aeabi_d2f
 .text          0x00000000080005f0       0x30 c:/st/stm32cubeide_1.7.0/stm32cubeide/plugins/com.st.stm32cube.ide.mcu.externaltools.gnu-tools-for-stm32.10.3-2021.10.win32_1.0.0.202111181127/tools/bin/../lib/gcc/arm-none-eabi/10.3.1/thumb/v7e-m+fp/hard\libgcc.a(_aeabi_uldivmod.o)
                0x00000000080005f0                __aeabi_uldivmod
 .text          0x0000000008000620      0x2d0 c:/st/stm32cubeide_1.7.0/stm32cubeide/plugins/com.st.stm32cube.ide.mcu.externaltools.gnu-tools-for-stm32.10.3-2021.10.win32_1.0.0.202111181127/tools/bin/../lib/gcc/arm-none-eabi/10.3.1/thumb/v7e-m+fp/hard\libgcc.a(_udivmoddi4.o)
                0x0000000008000620                __udivmoddi4
 .text          0x00000000080008f0        0x4 c:/st/stm32cubeide_1.7.0/stm32cubeide/plugins/com.st.stm32cube.ide.mcu.externaltools.gnu-tools-for-stm32.10.3-2021.10.win32_1.0.0.202111181127/tools/bin/../lib/gcc/arm-none-eabi/10.3.1/thumb/v7e-m+fp/hard\libgcc.a(_dvmd_tls.o)
                0x00000000080008f0                __aeabi_idiv0
                0x00000000080008f0                __aeabi_ldiv0
 *(.text*)
 .text._ZN7MPU60504initEv
                0x00000000080008f4       0x78 ./Core/Src/MPU6050.o
                0x00000000080008f4                MPU6050::init()
 *fill*         0x000000000800096c        0x4 
 .text._ZN7MPU605015readTemperatureEv
                0x0000000008000970       0x80 ./Core/Src/MPU6050.o
                0x0000000008000970                MPU6050::readTemperature()
 .text._ZN7MPU605014getTemperatureEv
                0x00000000080009f0       0x1e ./Core/Src/MPU6050.o
                0x00000000080009f0                MPU6050::getTemperature()
 .text._ZN5ClockC2Ehhhb
                0x0000000008000a0e       0x40 ./Core/Src/clockcalendar.o
                0x0000000008000a0e                Clock::Clock(unsigned char, unsigned char, unsigned char, bool)
                0x0000000008000a0e                Clock::Clock(unsigned char, unsigned char, unsigned char, bool)
 .text._ZN5ClockC2Ev
                0x0000000008000a4e       0x2e ./Core/Src/clockcalendar.o
                0x0000000008000a4e                Clock::Clock()
                0x0000000008000a4e                Clock::Clock()
 .text._ZN5Clock9getSecondEv
                0x0000000008000a7c       0x18 ./Core/Src/clockcalendar.o
                0x0000000008000a7c                Clock::getSecond()
 .text._ZN5Clock9getMinuteEv
                0x0000000008000a94       0x18 ./Core/Src/clockcalendar.o
                0x0000000008000a94                Clock::getMinute()
 .text._ZN5Clock7getHourEv
                0x0000000008000aac       0x18 ./Core/Src/clockcalendar.o
                0x0000000008000aac                Clock::getHour()
 .text._ZN5Clock7getPMAMEv
                0x0000000008000ac4       0x18 ./Core/Src/clockcalendar.o
                0x0000000008000ac4                Clock::getPMAM()
 .text._ZN5Clock7advanceEv
                0x0000000008000adc       0x70 ./Core/Src/clockcalendar.o
                0x0000000008000adc                Clock::advance()
 .text._ZN8CalendarC2Ehhh
                0x0000000008000b4c       0x3a ./Core/Src/clockcalendar.o
                0x0000000008000b4c                Calendar::Calendar(unsigned char, unsigned char, unsigned char)
                0x0000000008000b4c                Calendar::Calendar(unsigned char, unsigned char, unsigned char)
 .text._ZN8CalendarC2Ev
                0x0000000008000b86       0x28 ./Core/Src/clockcalendar.o
                0x0000000008000b86                Calendar::Calendar()
                0x0000000008000b86                Calendar::Calendar()
 .text._ZN8Calendar7advanceEv
                0x0000000008000bae       0x54 ./Core/Src/clockcalendar.o
                0x0000000008000bae                Calendar::advance()
 .text._ZN8Calendar6getDayEv
                0x0000000008000c02       0x18 ./Core/Src/clockcalendar.o
                0x0000000008000c02                Calendar::getDay()
 .text._ZN8Calendar8getMonthEv
                0x0000000008000c1a       0x18 ./Core/Src/clockcalendar.o
                0x0000000008000c1a                Calendar::getMonth()
 .text._ZN8Calendar7getYearEv
                0x0000000008000c32       0x18 ./Core/Src/clockcalendar.o
                0x0000000008000c32                Calendar::getYear()
 .text._ZN13ClockCalendar7advanceEv
                0x0000000008000c4a       0x3c ./Core/Src/clockcalendar.o
                0x0000000008000c4a                ClockCalendar::advance()
 .text._ZN13Communication14addDataToQueueEP4Data
                0x0000000008000c86       0x1e ./Core/Src/communication.o
                0x0000000008000c86                Communication::addDataToQueue(Data*)
 .text._ZN13Communication10applyModelEv
                0x0000000008000ca4       0x16 ./Core/Src/communication.o
                0x0000000008000ca4                Communication::applyModel()
 *fill*         0x0000000008000cba        0x2 
 .text._ZN6Serial8sendDataEv
                0x0000000008000cbc      0x104 ./Core/Src/communication.o
                0x0000000008000cbc                Serial::sendData()
 .text.MX_GPIO_Init
                0x0000000008000dc0       0xec ./Core/Src/gpio.o
                0x0000000008000dc0                MX_GPIO_Init
 .text.MX_I2C1_Init
                0x0000000008000eac       0x5c ./Core/Src/i2c.o
                0x0000000008000eac                MX_I2C1_Init
 .text.HAL_I2C_MspInit
                0x0000000008000f08       0x90 ./Core/Src/i2c.o
                0x0000000008000f08                HAL_I2C_MspInit
 .text._ZN13ClockCalendarC2Ehhhhhhb
                0x0000000008000f98       0x48 ./Core/Src/main.o
                0x0000000008000f98                ClockCalendar::ClockCalendar(unsigned char, unsigned char, unsigned char, unsigned char, unsigned char, unsigned char, bool)
                0x0000000008000f98                ClockCalendar::ClockCalendar(unsigned char, unsigned char, unsigned char, unsigned char, unsigned char, unsigned char, bool)
 .text._ZN13CommunicationC2Ev
                0x0000000008000fe0       0x28 ./Core/Src/main.o
                0x0000000008000fe0                Communication::Communication()
                0x0000000008000fe0                Communication::Communication()
 .text._ZN6SerialC2Ev
                0x0000000008001008       0x24 ./Core/Src/main.o
                0x0000000008001008                Serial::Serial()
                0x0000000008001008                Serial::Serial()
 .text.main     0x000000000800102c      0x114 ./Core/Src/main.o
                0x000000000800102c                main
 .text._Z18SystemClock_Configv
                0x0000000008001140       0xec ./Core/Src/main.o
                0x0000000008001140                SystemClock_Config()
 .text.HAL_GPIO_EXTI_Callback
                0x000000000800122c       0x28 ./Core/Src/main.o
                0x000000000800122c                HAL_GPIO_EXTI_Callback
 .text.Error_Handler
                0x0000000008001254        0xa ./Core/Src/main.o
                0x0000000008001254                Error_Handler
 *fill*         0x000000000800125e        0x2 
 .text._Z41__static_initialization_and_destruction_0ii
                0x0000000008001260       0x44 ./Core/Src/main.o
 .text._GLOBAL__sub_I_mpu
                0x00000000080012a4       0x10 ./Core/Src/main.o
 .text._ZN13ClockCalendarC2Ev
                0x00000000080012b4       0x24 ./Core/Src/node.o
                0x00000000080012b4                ClockCalendar::ClockCalendar()
                0x00000000080012b4                ClockCalendar::ClockCalendar()
 .text._ZN4DataC2Eh13ClockCalendarfb
                0x00000000080012d8       0x56 ./Core/Src/node.o
                0x00000000080012d8                Data::Data(unsigned char, ClockCalendar, float, bool)
                0x00000000080012d8                Data::Data(unsigned char, ClockCalendar, float, bool)
 .text._ZN4DataC2Ev
                0x000000000800132e       0x4e ./Core/Src/node.o
                0x000000000800132e                Data::Data()
                0x000000000800132e                Data::Data()
 .text._ZN5QueueC2Ev
                0x000000000800137c       0x28 ./Core/Src/queue.o
                0x000000000800137c                Queue::Queue()
                0x000000000800137c                Queue::Queue()
 .text._ZN5Queue4LinkC2EP4DataPS0_S3_
                0x00000000080013a4       0x2e ./Core/Src/queue.o
                0x00000000080013a4                Queue::Link::Link(Data*, Queue::Link*, Queue::Link*)
                0x00000000080013a4                Queue::Link::Link(Data*, Queue::Link*, Queue::Link*)
 .text._ZN5Queue4LinkD2Ev
                0x00000000080013d2       0x16 ./Core/Src/queue.o
                0x00000000080013d2                Queue::Link::~Link()
                0x00000000080013d2                Queue::Link::~Link()
 .text._ZN5Queue6insertEP4Data
                0x00000000080013e8       0x70 ./Core/Src/queue.o
                0x00000000080013e8                Queue::insert(Data*)
 .text._ZN5Queue6removeEv
                0x0000000008001458       0x82 ./Core/Src/queue.o
                0x0000000008001458                Queue::remove()
 .text._ZN5Queue9getLengthEv
                0x00000000080014da       0x18 ./Core/Src/queue.o
                0x00000000080014da                Queue::getLength()
 *fill*         0x00000000080014f2        0x2 
 .text.HAL_MspInit
                0x00000000080014f4       0x50 ./Core/Src/stm32f4xx_hal_msp.o
                0x00000000080014f4                HAL_MspInit
 .text.NMI_Handler
                0x0000000008001544        0x6 ./Core/Src/stm32f4xx_it.o
                0x0000000008001544                NMI_Handler
 .text.HardFault_Handler
                0x000000000800154a        0x6 ./Core/Src/stm32f4xx_it.o
                0x000000000800154a                HardFault_Handler
 .text.MemManage_Handler
                0x0000000008001550        0x6 ./Core/Src/stm32f4xx_it.o
                0x0000000008001550                MemManage_Handler
 .text.BusFault_Handler
                0x0000000008001556        0x6 ./Core/Src/stm32f4xx_it.o
                0x0000000008001556                BusFault_Handler
 .text.UsageFault_Handler
                0x000000000800155c        0x6 ./Core/Src/stm32f4xx_it.o
                0x000000000800155c                UsageFault_Handler
 .text.SVC_Handler
                0x0000000008001562        0xe ./Core/Src/stm32f4xx_it.o
                0x0000000008001562                SVC_Handler
 .text.DebugMon_Handler
                0x0000000008001570        0xe ./Core/Src/stm32f4xx_it.o
                0x0000000008001570                DebugMon_Handler
 .text.PendSV_Handler
                0x000000000800157e        0xe ./Core/Src/stm32f4xx_it.o
                0x000000000800157e                PendSV_Handler
 .text.SysTick_Handler
                0x000000000800158c        0xc ./Core/Src/stm32f4xx_it.o
                0x000000000800158c                SysTick_Handler
 .text.EXTI15_10_IRQHandler
                0x0000000008001598       0x10 ./Core/Src/stm32f4xx_it.o
                0x0000000008001598                EXTI15_10_IRQHandler
 .text._getpid  0x00000000080015a8       0x10 ./Core/Src/syscalls.o
                0x00000000080015a8                _getpid
 .text._kill    0x00000000080015b8       0x20 ./Core/Src/syscalls.o
                0x00000000080015b8                _kill
 .text._exit    0x00000000080015d8       0x14 ./Core/Src/syscalls.o
                0x00000000080015d8                _exit
 .text._sbrk    0x00000000080015ec       0x6c ./Core/Src/sysmem.o
                0x00000000080015ec                _sbrk
 .text.SystemInit
                0x0000000008001658       0x24 ./Core/Src/system_stm32f4xx.o
                0x0000000008001658                SystemInit
 .text.MX_USART2_UART_Init
                0x000000000800167c       0x54 ./Core/Src/usart.o
                0x000000000800167c                MX_USART2_UART_Init
 .text.HAL_UART_MspInit
                0x00000000080016d0       0xb0 ./Core/Src/usart.o
                0x00000000080016d0                HAL_UART_MspInit
 .text.Reset_Handler
                0x0000000008001780       0x50 ./Core/Startup/startup_stm32f401retx.o
                0x0000000008001780                Reset_Handler
 .text.Default_Handler
                0x00000000080017d0        0x2 ./Core/Startup/startup_stm32f401retx.o
                0x00000000080017d0                RTC_Alarm_IRQHandler
                0x00000000080017d0                EXTI2_IRQHandler
                0x00000000080017d0                SPI4_IRQHandler
                0x00000000080017d0                TIM1_CC_IRQHandler
                0x00000000080017d0                DMA2_Stream5_IRQHandler
                0x00000000080017d0                DMA1_Stream5_IRQHandler
                0x00000000080017d0                PVD_IRQHandler
                0x00000000080017d0                SDIO_IRQHandler
                0x00000000080017d0                TAMP_STAMP_IRQHandler
                0x00000000080017d0                EXTI3_IRQHandler
                0x00000000080017d0                TIM1_UP_TIM10_IRQHandler
                0x00000000080017d0                I2C3_ER_IRQHandler
                0x00000000080017d0                EXTI0_IRQHandler
                0x00000000080017d0                I2C2_EV_IRQHandler
                0x00000000080017d0                DMA1_Stream2_IRQHandler
                0x00000000080017d0                FPU_IRQHandler
                0x00000000080017d0                DMA2_Stream2_IRQHandler
                0x00000000080017d0                SPI1_IRQHandler
                0x00000000080017d0                TIM1_BRK_TIM9_IRQHandler
                0x00000000080017d0                DMA2_Stream3_IRQHandler
                0x00000000080017d0                USART6_IRQHandler
                0x00000000080017d0                DMA2_Stream0_IRQHandler
                0x00000000080017d0                TIM4_IRQHandler
                0x00000000080017d0                I2C1_EV_IRQHandler
                0x00000000080017d0                DMA1_Stream6_IRQHandler
                0x00000000080017d0                DMA1_Stream1_IRQHandler
                0x00000000080017d0                TIM3_IRQHandler
                0x00000000080017d0                RCC_IRQHandler
                0x00000000080017d0                Default_Handler
                0x00000000080017d0                ADC_IRQHandler
                0x00000000080017d0                DMA1_Stream7_IRQHandler
                0x00000000080017d0                TIM5_IRQHandler
                0x00000000080017d0                DMA2_Stream7_IRQHandler
                0x00000000080017d0                I2C3_EV_IRQHandler
                0x00000000080017d0                EXTI9_5_IRQHandler
                0x00000000080017d0                RTC_WKUP_IRQHandler
                0x00000000080017d0                SPI2_IRQHandler
                0x00000000080017d0                DMA1_Stream0_IRQHandler
                0x00000000080017d0                EXTI4_IRQHandler
                0x00000000080017d0                WWDG_IRQHandler
                0x00000000080017d0                TIM2_IRQHandler
                0x00000000080017d0                OTG_FS_WKUP_IRQHandler
                0x00000000080017d0                TIM1_TRG_COM_TIM11_IRQHandler
                0x00000000080017d0                EXTI1_IRQHandler
                0x00000000080017d0                USART2_IRQHandler
                0x00000000080017d0                I2C2_ER_IRQHandler
                0x00000000080017d0                DMA2_Stream1_IRQHandler
                0x00000000080017d0                FLASH_IRQHandler
                0x00000000080017d0                DMA2_Stream4_IRQHandler
                0x00000000080017d0                USART1_IRQHandler
                0x00000000080017d0                OTG_FS_IRQHandler
                0x00000000080017d0                SPI3_IRQHandler
                0x00000000080017d0                DMA1_Stream4_IRQHandler
                0x00000000080017d0                I2C1_ER_IRQHandler
                0x00000000080017d0                DMA2_Stream6_IRQHandler
                0x00000000080017d0                DMA1_Stream3_IRQHandler
 *fill*         0x00000000080017d2        0x2 
 .text.HAL_Init
                0x00000000080017d4       0x44 ./Drivers/STM32F4xx_HAL_Driver/Src/stm32f4xx_hal.o
                0x00000000080017d4                HAL_Init
 .text.HAL_InitTick
                0x0000000008001818       0x60 ./Drivers/STM32F4xx_HAL_Driver/Src/stm32f4xx_hal.o
                0x0000000008001818                HAL_InitTick
 .text.HAL_IncTick
                0x0000000008001878       0x28 ./Drivers/STM32F4xx_HAL_Driver/Src/stm32f4xx_hal.o
                0x0000000008001878                HAL_IncTick
 .text.HAL_GetTick
                0x00000000080018a0       0x18 ./Drivers/STM32F4xx_HAL_Driver/Src/stm32f4xx_hal.o
                0x00000000080018a0                HAL_GetTick
 .text.HAL_Delay
                0x00000000080018b8       0x48 ./Drivers/STM32F4xx_HAL_Driver/Src/stm32f4xx_hal.o
                0x00000000080018b8                HAL_Delay
 .text.__NVIC_SetPriorityGrouping
                0x0000000008001900       0x48 ./Drivers/STM32F4xx_HAL_Driver/Src/stm32f4xx_hal_cortex.o
 .text.__NVIC_GetPriorityGrouping
                0x0000000008001948       0x1c ./Drivers/STM32F4xx_HAL_Driver/Src/stm32f4xx_hal_cortex.o
 .text.__NVIC_EnableIRQ
                0x0000000008001964       0x3c ./Drivers/STM32F4xx_HAL_Driver/Src/stm32f4xx_hal_cortex.o
 .text.__NVIC_SetPriority
                0x00000000080019a0       0x54 ./Drivers/STM32F4xx_HAL_Driver/Src/stm32f4xx_hal_cortex.o
 .text.NVIC_EncodePriority
                0x00000000080019f4       0x66 ./Drivers/STM32F4xx_HAL_Driver/Src/stm32f4xx_hal_cortex.o
 *fill*         0x0000000008001a5a        0x2 
 .text.SysTick_Config
                0x0000000008001a5c       0x44 ./Drivers/STM32F4xx_HAL_Driver/Src/stm32f4xx_hal_cortex.o
 .text.HAL_NVIC_SetPriorityGrouping
                0x0000000008001aa0       0x16 ./Drivers/STM32F4xx_HAL_Driver/Src/stm32f4xx_hal_cortex.o
                0x0000000008001aa0                HAL_NVIC_SetPriorityGrouping
 .text.HAL_NVIC_SetPriority
                0x0000000008001ab6       0x38 ./Drivers/STM32F4xx_HAL_Driver/Src/stm32f4xx_hal_cortex.o
                0x0000000008001ab6                HAL_NVIC_SetPriority
 .text.HAL_NVIC_EnableIRQ
                0x0000000008001aee       0x1c ./Drivers/STM32F4xx_HAL_Driver/Src/stm32f4xx_hal_cortex.o
                0x0000000008001aee                HAL_NVIC_EnableIRQ
 .text.HAL_SYSTICK_Config
                0x0000000008001b0a       0x18 ./Drivers/STM32F4xx_HAL_Driver/Src/stm32f4xx_hal_cortex.o
                0x0000000008001b0a                HAL_SYSTICK_Config
 *fill*         0x0000000008001b22        0x2 
 .text.HAL_GPIO_Init
                0x0000000008001b24      0x308 ./Drivers/STM32F4xx_HAL_Driver/Src/stm32f4xx_hal_gpio.o
                0x0000000008001b24                HAL_GPIO_Init
 .text.HAL_GPIO_WritePin
                0x0000000008001e2c       0x32 ./Drivers/STM32F4xx_HAL_Driver/Src/stm32f4xx_hal_gpio.o
                0x0000000008001e2c                HAL_GPIO_WritePin
 *fill*         0x0000000008001e5e        0x2 
 .text.HAL_GPIO_EXTI_IRQHandler
                0x0000000008001e60       0x30 ./Drivers/STM32F4xx_HAL_Driver/Src/stm32f4xx_hal_gpio.o
                0x0000000008001e60                HAL_GPIO_EXTI_IRQHandler
 .text.HAL_I2C_Init
                0x0000000008001e90      0x288 ./Drivers/STM32F4xx_HAL_Driver/Src/stm32f4xx_hal_i2c.o
                0x0000000008001e90                HAL_I2C_Init
 .text.HAL_I2C_Mem_Write
                0x0000000008002118      0x1f4 ./Drivers/STM32F4xx_HAL_Driver/Src/stm32f4xx_hal_i2c.o
                0x0000000008002118                HAL_I2C_Mem_Write
 .text.HAL_I2C_Mem_Read
                0x000000000800230c      0x44c ./Drivers/STM32F4xx_HAL_Driver/Src/stm32f4xx_hal_i2c.o
                0x000000000800230c                HAL_I2C_Mem_Read
 .text.I2C_RequestMemoryWrite
                0x0000000008002758      0x12c ./Drivers/STM32F4xx_HAL_Driver/Src/stm32f4xx_hal_i2c.o
 .text.I2C_RequestMemoryRead
                0x0000000008002884      0x1d0 ./Drivers/STM32F4xx_HAL_Driver/Src/stm32f4xx_hal_i2c.o
 .text.I2C_WaitOnFlagUntilTimeout
                0x0000000008002a54       0xae ./Drivers/STM32F4xx_HAL_Driver/Src/stm32f4xx_hal_i2c.o
 .text.I2C_WaitOnMasterAddressFlagUntilTimeout
                0x0000000008002b02       0xfe ./Drivers/STM32F4xx_HAL_Driver/Src/stm32f4xx_hal_i2c.o
 .text.I2C_WaitOnTXEFlagUntilTimeout
                0x0000000008002c00       0x82 ./Drivers/STM32F4xx_HAL_Driver/Src/stm32f4xx_hal_i2c.o
 .text.I2C_WaitOnBTFFlagUntilTimeout
                0x0000000008002c82       0x82 ./Drivers/STM32F4xx_HAL_Driver/Src/stm32f4xx_hal_i2c.o
 .text.I2C_WaitOnRXNEFlagUntilTimeout
                0x0000000008002d04       0xac ./Drivers/STM32F4xx_HAL_Driver/Src/stm32f4xx_hal_i2c.o
 .text.I2C_IsAcknowledgeFailed
                0x0000000008002db0       0x5e ./Drivers/STM32F4xx_HAL_Driver/Src/stm32f4xx_hal_i2c.o
 *fill*         0x0000000008002e0e        0x2 
 .text.HAL_RCC_OscConfig
                0x0000000008002e10      0x4f0 ./Drivers/STM32F4xx_HAL_Driver/Src/stm32f4xx_hal_rcc.o
                0x0000000008002e10                HAL_RCC_OscConfig
 .text.HAL_RCC_ClockConfig
                0x0000000008003300      0x1cc ./Drivers/STM32F4xx_HAL_Driver/Src/stm32f4xx_hal_rcc.o
                0x0000000008003300                HAL_RCC_ClockConfig
 .text.HAL_RCC_GetSysClockFreq
                0x00000000080034cc      0x20c ./Drivers/STM32F4xx_HAL_Driver/Src/stm32f4xx_hal_rcc.o
                0x00000000080034cc                HAL_RCC_GetSysClockFreq
 .text.HAL_RCC_GetHCLKFreq
                0x00000000080036d8       0x18 ./Drivers/STM32F4xx_HAL_Driver/Src/stm32f4xx_hal_rcc.o
                0x00000000080036d8                HAL_RCC_GetHCLKFreq
 .text.HAL_RCC_GetPCLK1Freq
                0x00000000080036f0       0x28 ./Drivers/STM32F4xx_HAL_Driver/Src/stm32f4xx_hal_rcc.o
                0x00000000080036f0                HAL_RCC_GetPCLK1Freq
 .text.HAL_RCC_GetPCLK2Freq
                0x0000000008003718       0x28 ./Drivers/STM32F4xx_HAL_Driver/Src/stm32f4xx_hal_rcc.o
                0x0000000008003718                HAL_RCC_GetPCLK2Freq
 .text.HAL_UART_Init
                0x0000000008003740       0x9a ./Drivers/STM32F4xx_HAL_Driver/Src/stm32f4xx_hal_uart.o
                0x0000000008003740                HAL_UART_Init
 .text.HAL_UART_Transmit
                0x00000000080037da      0x124 ./Drivers/STM32F4xx_HAL_Driver/Src/stm32f4xx_hal_uart.o
                0x00000000080037da                HAL_UART_Transmit
 .text.UART_WaitOnFlagUntilTimeout
                0x00000000080038fe       0xdc ./Drivers/STM32F4xx_HAL_Driver/Src/stm32f4xx_hal_uart.o
 *fill*         0x00000000080039da        0x2 
 .text.UART_SetConfig
                0x00000000080039dc      0x4e8 ./Drivers/STM32F4xx_HAL_Driver/Src/stm32f4xx_hal_uart.o
 .text._ZdlPvj  0x0000000008003ec4        0x4 c:/st/stm32cubeide_1.7.0/stm32cubeide/plugins/com.st.stm32cube.ide.mcu.externaltools.gnu-tools-for-stm32.10.3-2021.10.win32_1.0.0.202111181127/tools/bin/../lib/gcc/arm-none-eabi/10.3.1/../../../../arm-none-eabi/lib/thumb/v7e-m+fp/hard\libstdc++_nano.a(del_ops.o)
                0x0000000008003ec4                operator delete(void*, unsigned int)
 .text._Znwj    0x0000000008003ec8       0x22 c:/st/stm32cubeide_1.7.0/stm32cubeide/plugins/com.st.stm32cube.ide.mcu.externaltools.gnu-tools-for-stm32.10.3-2021.10.win32_1.0.0.202111181127/tools/bin/../lib/gcc/arm-none-eabi/10.3.1/../../../../arm-none-eabi/lib/thumb/v7e-m+fp/hard\libstdc++_nano.a(new_op.o)
                0x0000000008003ec8                operator new(unsigned int)
 .text.__cxa_pure_virtual
                0x0000000008003eea        0x6 c:/st/stm32cubeide_1.7.0/stm32cubeide/plugins/com.st.stm32cube.ide.mcu.externaltools.gnu-tools-for-stm32.10.3-2021.10.win32_1.0.0.202111181127/tools/bin/../lib/gcc/arm-none-eabi/10.3.1/../../../../arm-none-eabi/lib/thumb/v7e-m+fp/hard\libstdc++_nano.a(pure.o)
                0x0000000008003eea                __cxa_pure_virtual
 .text._ZdlPv   0x0000000008003ef0        0x4 c:/st/stm32cubeide_1.7.0/stm32cubeide/plugins/com.st.stm32cube.ide.mcu.externaltools.gnu-tools-for-stm32.10.3-2021.10.win32_1.0.0.202111181127/tools/bin/../lib/gcc/arm-none-eabi/10.3.1/../../../../arm-none-eabi/lib/thumb/v7e-m+fp/hard\libstdc++_nano.a(del_op.o)
                0x0000000008003ef0                operator delete(void*)
 .text._ZN10__cxxabiv111__terminateEPFvvE
                0x0000000008003ef4        0x8 c:/st/stm32cubeide_1.7.0/stm32cubeide/plugins/com.st.stm32cube.ide.mcu.externaltools.gnu-tools-for-stm32.10.3-2021.10.win32_1.0.0.202111181127/tools/bin/../lib/gcc/arm-none-eabi/10.3.1/../../../../arm-none-eabi/lib/thumb/v7e-m+fp/hard\libstdc++_nano.a(eh_terminate.o)
                0x0000000008003ef4                __cxxabiv1::__terminate(void (*)())
 .text._ZSt13get_terminatev
                0x0000000008003efc       0x10 c:/st/stm32cubeide_1.7.0/stm32cubeide/plugins/com.st.stm32cube.ide.mcu.externaltools.gnu-tools-for-stm32.10.3-2021.10.win32_1.0.0.202111181127/tools/bin/../lib/gcc/arm-none-eabi/10.3.1/../../../../arm-none-eabi/lib/thumb/v7e-m+fp/hard\libstdc++_nano.a(eh_terminate.o)
                0x0000000008003efc                std::get_terminate()
 .text._ZSt9terminatev
                0x0000000008003f0c        0xa c:/st/stm32cubeide_1.7.0/stm32cubeide/plugins/com.st.stm32cube.ide.mcu.externaltools.gnu-tools-for-stm32.10.3-2021.10.win32_1.0.0.202111181127/tools/bin/../lib/gcc/arm-none-eabi/10.3.1/../../../../arm-none-eabi/lib/thumb/v7e-m+fp/hard\libstdc++_nano.a(eh_terminate.o)
                0x0000000008003f0c                std::terminate()
 *fill*         0x0000000008003f16        0x2 
 .text._ZSt15get_new_handlerv
                0x0000000008003f18       0x10 c:/st/stm32cubeide_1.7.0/stm32cubeide/plugins/com.st.stm32cube.ide.mcu.externaltools.gnu-tools-for-stm32.10.3-2021.10.win32_1.0.0.202111181127/tools/bin/../lib/gcc/arm-none-eabi/10.3.1/../../../../arm-none-eabi/lib/thumb/v7e-m+fp/hard\libstdc++_nano.a(new_handler.o)
                0x0000000008003f18                std::get_new_handler()
 .text.abort    0x0000000008003f28        0xe c:/st/stm32cubeide_1.7.0/stm32cubeide/plugins/com.st.stm32cube.ide.mcu.externaltools.gnu-tools-for-stm32.10.3-2021.10.win32_1.0.0.202111181127/tools/bin/../lib/gcc/arm-none-eabi/10.3.1/../../../../arm-none-eabi/lib/thumb/v7e-m+fp/hard\libc_nano.a(lib_a-abort.o)
                0x0000000008003f28                abort
 *fill*         0x0000000008003f36        0x2 
 .text.__errno  0x0000000008003f38        0xc c:/st/stm32cubeide_1.7.0/stm32cubeide/plugins/com.st.stm32cube.ide.mcu.externaltools.gnu-tools-for-stm32.10.3-2021.10.win32_1.0.0.202111181127/tools/bin/../lib/gcc/arm-none-eabi/10.3.1/../../../../arm-none-eabi/lib/thumb/v7e-m+fp/hard\libc_nano.a(lib_a-errno.o)
                0x0000000008003f38                __errno
 .text.__libc_init_array
                0x0000000008003f44       0x48 c:/st/stm32cubeide_1.7.0/stm32cubeide/plugins/com.st.stm32cube.ide.mcu.externaltools.gnu-tools-for-stm32.10.3-2021.10.win32_1.0.0.202111181127/tools/bin/../lib/gcc/arm-none-eabi/10.3.1/../../../../arm-none-eabi/lib/thumb/v7e-m+fp/hard\libc_nano.a(lib_a-init.o)
                0x0000000008003f44                __libc_init_array
 .text.malloc   0x0000000008003f8c       0x10 c:/st/stm32cubeide_1.7.0/stm32cubeide/plugins/com.st.stm32cube.ide.mcu.externaltools.gnu-tools-for-stm32.10.3-2021.10.win32_1.0.0.202111181127/tools/bin/../lib/gcc/arm-none-eabi/10.3.1/../../../../arm-none-eabi/lib/thumb/v7e-m+fp/hard\libc_nano.a(lib_a-malloc.o)
                0x0000000008003f8c                malloc
 .text.free     0x0000000008003f9c       0x10 c:/st/stm32cubeide_1.7.0/stm32cubeide/plugins/com.st.stm32cube.ide.mcu.externaltools.gnu-tools-for-stm32.10.3-2021.10.win32_1.0.0.202111181127/tools/bin/../lib/gcc/arm-none-eabi/10.3.1/../../../../arm-none-eabi/lib/thumb/v7e-m+fp/hard\libc_nano.a(lib_a-malloc.o)
                0x0000000008003f9c                free
 .text.memset   0x0000000008003fac       0x10 c:/st/stm32cubeide_1.7.0/stm32cubeide/plugins/com.st.stm32cube.ide.mcu.externaltools.gnu-tools-for-stm32.10.3-2021.10.win32_1.0.0.202111181127/tools/bin/../lib/gcc/arm-none-eabi/10.3.1/../../../../arm-none-eabi/lib/thumb/v7e-m+fp/hard\libc_nano.a(lib_a-memset.o)
                0x0000000008003fac                memset
 .text._free_r  0x0000000008003fbc       0x98 c:/st/stm32cubeide_1.7.0/stm32cubeide/plugins/com.st.stm32cube.ide.mcu.externaltools.gnu-tools-for-stm32.10.3-2021.10.win32_1.0.0.202111181127/tools/bin/../lib/gcc/arm-none-eabi/10.3.1/../../../../arm-none-eabi/lib/thumb/v7e-m+fp/hard\libc_nano.a(lib_a-nano-freer.o)
                0x0000000008003fbc                _free_r
 .text.sbrk_aligned
                0x0000000008004054       0x40 c:/st/stm32cubeide_1.7.0/stm32cubeide/plugins/com.st.stm32cube.ide.mcu.externaltools.gnu-tools-for-stm32.10.3-2021.10.win32_1.0.0.202111181127/tools/bin/../lib/gcc/arm-none-eabi/10.3.1/../../../../arm-none-eabi/lib/thumb/v7e-m+fp/hard\libc_nano.a(lib_a-nano-mallocr.o)
 .text._malloc_r
                0x0000000008004094       0xe8 c:/st/stm32cubeide_1.7.0/stm32cubeide/plugins/com.st.stm32cube.ide.mcu.externaltools.gnu-tools-for-stm32.10.3-2021.10.win32_1.0.0.202111181127/tools/bin/../lib/gcc/arm-none-eabi/10.3.1/../../../../arm-none-eabi/lib/thumb/v7e-m+fp/hard\libc_nano.a(lib_a-nano-mallocr.o)
                0x0000000008004094                _malloc_r
 .text._sbrk_r  0x000000000800417c       0x20 c:/st/stm32cubeide_1.7.0/stm32cubeide/plugins/com.st.stm32cube.ide.mcu.externaltools.gnu-tools-for-stm32.10.3-2021.10.win32_1.0.0.202111181127/tools/bin/../lib/gcc/arm-none-eabi/10.3.1/../../../../arm-none-eabi/lib/thumb/v7e-m+fp/hard\libc_nano.a(lib_a-sbrkr.o)
                0x000000000800417c                _sbrk_r
 .text._raise_r
                0x000000000800419c       0x50 c:/st/stm32cubeide_1.7.0/stm32cubeide/plugins/com.st.stm32cube.ide.mcu.externaltools.gnu-tools-for-stm32.10.3-2021.10.win32_1.0.0.202111181127/tools/bin/../lib/gcc/arm-none-eabi/10.3.1/../../../../arm-none-eabi/lib/thumb/v7e-m+fp/hard\libc_nano.a(lib_a-signal.o)
                0x000000000800419c                _raise_r
 .text.raise    0x00000000080041ec       0x10 c:/st/stm32cubeide_1.7.0/stm32cubeide/plugins/com.st.stm32cube.ide.mcu.externaltools.gnu-tools-for-stm32.10.3-2021.10.win32_1.0.0.202111181127/tools/bin/../lib/gcc/arm-none-eabi/10.3.1/../../../../arm-none-eabi/lib/thumb/v7e-m+fp/hard\libc_nano.a(lib_a-signal.o)
                0x00000000080041ec                raise
 .text._kill_r  0x00000000080041fc       0x24 c:/st/stm32cubeide_1.7.0/stm32cubeide/plugins/com.st.stm32cube.ide.mcu.externaltools.gnu-tools-for-stm32.10.3-2021.10.win32_1.0.0.202111181127/tools/bin/../lib/gcc/arm-none-eabi/10.3.1/../../../../arm-none-eabi/lib/thumb/v7e-m+fp/hard\libc_nano.a(lib_a-signalr.o)
                0x00000000080041fc                _kill_r
 .text._getpid_r
                0x0000000008004220        0x4 c:/st/stm32cubeide_1.7.0/stm32cubeide/plugins/com.st.stm32cube.ide.mcu.externaltools.gnu-tools-for-stm32.10.3-2021.10.win32_1.0.0.202111181127/tools/bin/../lib/gcc/arm-none-eabi/10.3.1/../../../../arm-none-eabi/lib/thumb/v7e-m+fp/hard\libc_nano.a(lib_a-signalr.o)
                0x0000000008004220                _getpid_r
 .text.__malloc_lock
                0x0000000008004224        0xc c:/st/stm32cubeide_1.7.0/stm32cubeide/plugins/com.st.stm32cube.ide.mcu.externaltools.gnu-tools-for-stm32.10.3-2021.10.win32_1.0.0.202111181127/tools/bin/../lib/gcc/arm-none-eabi/10.3.1/../../../../arm-none-eabi/lib/thumb/v7e-m+fp/hard\libc_nano.a(lib_a-mlock.o)
                0x0000000008004224                __malloc_lock
 .text.__malloc_unlock
                0x0000000008004230        0xc c:/st/stm32cubeide_1.7.0/stm32cubeide/plugins/com.st.stm32cube.ide.mcu.externaltools.gnu-tools-for-stm32.10.3-2021.10.win32_1.0.0.202111181127/tools/bin/../lib/gcc/arm-none-eabi/10.3.1/../../../../arm-none-eabi/lib/thumb/v7e-m+fp/hard\libc_nano.a(lib_a-mlock.o)
                0x0000000008004230                __malloc_unlock
 .text.__retarget_lock_acquire_recursive
                0x000000000800423c        0x2 c:/st/stm32cubeide_1.7.0/stm32cubeide/plugins/com.st.stm32cube.ide.mcu.externaltools.gnu-tools-for-stm32.10.3-2021.10.win32_1.0.0.202111181127/tools/bin/../lib/gcc/arm-none-eabi/10.3.1/../../../../arm-none-eabi/lib/thumb/v7e-m+fp/hard\libc_nano.a(lib_a-lock.o)
                0x000000000800423c                __retarget_lock_acquire_recursive
 .text.__retarget_lock_release_recursive
                0x000000000800423e        0x2 c:/st/stm32cubeide_1.7.0/stm32cubeide/plugins/com.st.stm32cube.ide.mcu.externaltools.gnu-tools-for-stm32.10.3-2021.10.win32_1.0.0.202111181127/tools/bin/../lib/gcc/arm-none-eabi/10.3.1/../../../../arm-none-eabi/lib/thumb/v7e-m+fp/hard\libc_nano.a(lib_a-lock.o)
                0x000000000800423e                __retarget_lock_release_recursive
 *(.glue_7)
 .glue_7        0x0000000008004240        0x0 linker stubs
 *(.glue_7t)
 .glue_7t       0x0000000008004240        0x0 linker stubs
 *(.eh_frame)
 .eh_frame      0x0000000008004240        0x0 c:/st/stm32cubeide_1.7.0/stm32cubeide/plugins/com.st.stm32cube.ide.mcu.externaltools.gnu-tools-for-stm32.10.3-2021.10.win32_1.0.0.202111181127/tools/bin/../lib/gcc/arm-none-eabi/10.3.1/thumb/v7e-m+fp/hard/crtbegin.o
 *(.init)
 .init          0x0000000008004240        0x4 c:/st/stm32cubeide_1.7.0/stm32cubeide/plugins/com.st.stm32cube.ide.mcu.externaltools.gnu-tools-for-stm32.10.3-2021.10.win32_1.0.0.202111181127/tools/bin/../lib/gcc/arm-none-eabi/10.3.1/thumb/v7e-m+fp/hard/crti.o
                0x0000000008004240                _init
 .init          0x0000000008004244        0x8 c:/st/stm32cubeide_1.7.0/stm32cubeide/plugins/com.st.stm32cube.ide.mcu.externaltools.gnu-tools-for-stm32.10.3-2021.10.win32_1.0.0.202111181127/tools/bin/../lib/gcc/arm-none-eabi/10.3.1/thumb/v7e-m+fp/hard/crtn.o
 *(.fini)
 .fini          0x000000000800424c        0x4 c:/st/stm32cubeide_1.7.0/stm32cubeide/plugins/com.st.stm32cube.ide.mcu.externaltools.gnu-tools-for-stm32.10.3-2021.10.win32_1.0.0.202111181127/tools/bin/../lib/gcc/arm-none-eabi/10.3.1/thumb/v7e-m+fp/hard/crti.o
                0x000000000800424c                _fini
 .fini          0x0000000008004250        0x8 c:/st/stm32cubeide_1.7.0/stm32cubeide/plugins/com.st.stm32cube.ide.mcu.externaltools.gnu-tools-for-stm32.10.3-2021.10.win32_1.0.0.202111181127/tools/bin/../lib/gcc/arm-none-eabi/10.3.1/thumb/v7e-m+fp/hard/crtn.o
                0x0000000008004258                . = ALIGN (0x4)
                0x0000000008004258                _etext = .

.vfp11_veneer   0x0000000008004258        0x0
 .vfp11_veneer  0x0000000008004258        0x0 linker stubs

.v4_bx          0x0000000008004258        0x0
 .v4_bx         0x0000000008004258        0x0 linker stubs

.iplt           0x0000000008004258        0x0
 .iplt          0x0000000008004258        0x0 c:/st/stm32cubeide_1.7.0/stm32cubeide/plugins/com.st.stm32cube.ide.mcu.externaltools.gnu-tools-for-stm32.10.3-2021.10.win32_1.0.0.202111181127/tools/bin/../lib/gcc/arm-none-eabi/10.3.1/thumb/v7e-m+fp/hard/crtbegin.o

.rodata         0x0000000008004258       0x30
                0x0000000008004258                . = ALIGN (0x4)
 *(.rodata)
 *(.rodata*)
 .rodata._ZTV6Serial
                0x0000000008004258        0xc ./Core/Src/communication.o
                0x0000000008004258                vtable for Serial
 .rodata._ZTV13Communication
                0x0000000008004264        0xc ./Core/Src/main.o
                0x0000000008004264                vtable for Communication
 .rodata.AHBPrescTable
                0x0000000008004270       0x10 ./Core/Src/system_stm32f4xx.o
                0x0000000008004270                AHBPrescTable
 .rodata.APBPrescTable
                0x0000000008004280        0x8 ./Core/Src/system_stm32f4xx.o
                0x0000000008004280                APBPrescTable
                0x0000000008004288                . = ALIGN (0x4)

.ARM.extab      0x0000000008004288        0x0
                0x0000000008004288                . = ALIGN (0x4)
 *(.ARM.extab* .gnu.linkonce.armextab.*)
                0x0000000008004288                . = ALIGN (0x4)

.ARM            0x0000000008004288        0x8
                0x0000000008004288                . = ALIGN (0x4)
                0x0000000008004288                __exidx_start = .
 *(.ARM.exidx*)
 .ARM.exidx     0x0000000008004288        0x8 c:/st/stm32cubeide_1.7.0/stm32cubeide/plugins/com.st.stm32cube.ide.mcu.externaltools.gnu-tools-for-stm32.10.3-2021.10.win32_1.0.0.202111181127/tools/bin/../lib/gcc/arm-none-eabi/10.3.1/thumb/v7e-m+fp/hard\libgcc.a(_udivmoddi4.o)
                0x0000000008004290                __exidx_end = .
                0x0000000008004290                . = ALIGN (0x4)

.rel.dyn        0x0000000008004290        0x0
 .rel.iplt      0x0000000008004290        0x0 c:/st/stm32cubeide_1.7.0/stm32cubeide/plugins/com.st.stm32cube.ide.mcu.externaltools.gnu-tools-for-stm32.10.3-2021.10.win32_1.0.0.202111181127/tools/bin/../lib/gcc/arm-none-eabi/10.3.1/thumb/v7e-m+fp/hard/crtbegin.o

.preinit_array  0x0000000008004290        0x0
                0x0000000008004290                . = ALIGN (0x4)
                0x0000000008004290                PROVIDE (__preinit_array_start = .)
 *(.preinit_array*)
                0x0000000008004290                PROVIDE (__preinit_array_end = .)
                0x0000000008004290                . = ALIGN (0x4)

.init_array     0x0000000008004290        0x8
                0x0000000008004290                . = ALIGN (0x4)
                0x0000000008004290                PROVIDE (__init_array_start = .)
 *(SORT_BY_NAME(.init_array.*))
 *(.init_array*)
 .init_array    0x0000000008004290        0x4 c:/st/stm32cubeide_1.7.0/stm32cubeide/plugins/com.st.stm32cube.ide.mcu.externaltools.gnu-tools-for-stm32.10.3-2021.10.win32_1.0.0.202111181127/tools/bin/../lib/gcc/arm-none-eabi/10.3.1/thumb/v7e-m+fp/hard/crtbegin.o
 .init_array    0x0000000008004294        0x4 ./Core/Src/main.o
                0x0000000008004298                PROVIDE (__init_array_end = .)
                0x0000000008004298                . = ALIGN (0x4)

.fini_array     0x0000000008004298        0x4
                0x0000000008004298                . = ALIGN (0x4)
                [!provide]                        PROVIDE (__fini_array_start = .)
 *(SORT_BY_NAME(.fini_array.*))
 *(.fini_array*)
 .fini_array    0x0000000008004298        0x4 c:/st/stm32cubeide_1.7.0/stm32cubeide/plugins/com.st.stm32cube.ide.mcu.externaltools.gnu-tools-for-stm32.10.3-2021.10.win32_1.0.0.202111181127/tools/bin/../lib/gcc/arm-none-eabi/10.3.1/thumb/v7e-m+fp/hard/crtbegin.o
                [!provide]                        PROVIDE (__fini_array_end = .)
                0x000000000800429c                . = ALIGN (0x4)
                0x000000000800429c                _sidata = LOADADDR (.data)

.data           0x0000000020000000       0x74 load address 0x000000000800429c
                0x0000000020000000                . = ALIGN (0x4)
                0x0000000020000000                _sdata = .
 *(.data)
 *(.data*)
 .data.SystemCoreClock
                0x0000000020000000        0x4 ./Core/Src/system_stm32f4xx.o
                0x0000000020000000                SystemCoreClock
 .data.uwTickPrio
                0x0000000020000004        0x4 ./Drivers/STM32F4xx_HAL_Driver/Src/stm32f4xx_hal.o
                0x0000000020000004                uwTickPrio
 .data.uwTickFreq
                0x0000000020000008        0x1 ./Drivers/STM32F4xx_HAL_Driver/Src/stm32f4xx_hal.o
                0x0000000020000008                uwTickFreq
 *fill*         0x0000000020000009        0x3 
 .data._ZN10__cxxabiv119__terminate_handlerE
                0x000000002000000c        0x4 c:/st/stm32cubeide_1.7.0/stm32cubeide/plugins/com.st.stm32cube.ide.mcu.externaltools.gnu-tools-for-stm32.10.3-2021.10.win32_1.0.0.202111181127/tools/bin/../lib/gcc/arm-none-eabi/10.3.1/../../../../arm-none-eabi/lib/thumb/v7e-m+fp/hard\libstdc++_nano.a(eh_term_handler.o)
                0x000000002000000c                __cxxabiv1::__terminate_handler
 .data._impure_ptr
                0x0000000020000010        0x4 c:/st/stm32cubeide_1.7.0/stm32cubeide/plugins/com.st.stm32cube.ide.mcu.externaltools.gnu-tools-for-stm32.10.3-2021.10.win32_1.0.0.202111181127/tools/bin/../lib/gcc/arm-none-eabi/10.3.1/../../../../arm-none-eabi/lib/thumb/v7e-m+fp/hard\libc_nano.a(lib_a-impure.o)
                0x0000000020000010                _impure_ptr
 .data.impure_data
                0x0000000020000014       0x60 c:/st/stm32cubeide_1.7.0/stm32cubeide/plugins/com.st.stm32cube.ide.mcu.externaltools.gnu-tools-for-stm32.10.3-2021.10.win32_1.0.0.202111181127/tools/bin/../lib/gcc/arm-none-eabi/10.3.1/../../../../arm-none-eabi/lib/thumb/v7e-m+fp/hard\libc_nano.a(lib_a-impure.o)
 *(.RamFunc)
 *(.RamFunc*)
                0x0000000020000074                . = ALIGN (0x4)
                0x0000000020000074                _edata = .

.igot.plt       0x0000000020000074        0x0 load address 0x0000000008004310
 .igot.plt      0x0000000020000074        0x0 c:/st/stm32cubeide_1.7.0/stm32cubeide/plugins/com.st.stm32cube.ide.mcu.externaltools.gnu-tools-for-stm32.10.3-2021.10.win32_1.0.0.202111181127/tools/bin/../lib/gcc/arm-none-eabi/10.3.1/thumb/v7e-m+fp/hard/crtbegin.o
                0x0000000020000074                . = ALIGN (0x4)

.bss            0x0000000020000074       0xec load address 0x0000000008004310
                0x0000000020000074                _sbss = .
                0x0000000020000074                __bss_start__ = _sbss
 *(.bss)
 .bss           0x0000000020000074       0x1c c:/st/stm32cubeide_1.7.0/stm32cubeide/plugins/com.st.stm32cube.ide.mcu.externaltools.gnu-tools-for-stm32.10.3-2021.10.win32_1.0.0.202111181127/tools/bin/../lib/gcc/arm-none-eabi/10.3.1/thumb/v7e-m+fp/hard/crtbegin.o
 *(.bss*)
 .bss.hi2c1     0x0000000020000090       0x54 ./Core/Src/i2c.o
                0x0000000020000090                hi2c1
 .bss.mpu       0x00000000200000e4        0x4 ./Core/Src/main.o
                0x00000000200000e4                mpu
 .bss.comm      0x00000000200000e8        0x4 ./Core/Src/main.o
                0x00000000200000e8                comm
 .bss.cc        0x00000000200000ec        0x7 ./Core/Src/main.o
                0x00000000200000ec                cc
 *fill*         0x00000000200000f3        0x1 
 .bss.pd        0x00000000200000f4        0x4 ./Core/Src/main.o
                0x00000000200000f4                pd
 .bss.predIsCorrect
                0x00000000200000f8        0x1 ./Core/Src/main.o
                0x00000000200000f8                predIsCorrect
 *fill*         0x00000000200000f9        0x3 
 .bss.temperature
                0x00000000200000fc        0x4 ./Core/Src/main.o
                0x00000000200000fc                temperature
 .bss.__sbrk_heap_end
                0x0000000020000100        0x4 ./Core/Src/sysmem.o
 .bss.huart2    0x0000000020000104       0x44 ./Core/Src/usart.o
                0x0000000020000104                huart2
 .bss.uwTick    0x0000000020000148        0x4 ./Drivers/STM32F4xx_HAL_Driver/Src/stm32f4xx_hal.o
                0x0000000020000148                uwTick
 .bss._ZN12_GLOBAL__N_113__new_handlerE
                0x000000002000014c        0x4 c:/st/stm32cubeide_1.7.0/stm32cubeide/plugins/com.st.stm32cube.ide.mcu.externaltools.gnu-tools-for-stm32.10.3-2021.10.win32_1.0.0.202111181127/tools/bin/../lib/gcc/arm-none-eabi/10.3.1/../../../../arm-none-eabi/lib/thumb/v7e-m+fp/hard\libstdc++_nano.a(new_handler.o)
 .bss.__malloc_free_list
                0x0000000020000150        0x4 c:/st/stm32cubeide_1.7.0/stm32cubeide/plugins/com.st.stm32cube.ide.mcu.externaltools.gnu-tools-for-stm32.10.3-2021.10.win32_1.0.0.202111181127/tools/bin/../lib/gcc/arm-none-eabi/10.3.1/../../../../arm-none-eabi/lib/thumb/v7e-m+fp/hard\libc_nano.a(lib_a-nano-mallocr.o)
                0x0000000020000150                __malloc_free_list
 .bss.__malloc_sbrk_start
                0x0000000020000154        0x4 c:/st/stm32cubeide_1.7.0/stm32cubeide/plugins/com.st.stm32cube.ide.mcu.externaltools.gnu-tools-for-stm32.10.3-2021.10.win32_1.0.0.202111181127/tools/bin/../lib/gcc/arm-none-eabi/10.3.1/../../../../arm-none-eabi/lib/thumb/v7e-m+fp/hard\libc_nano.a(lib_a-nano-mallocr.o)
                0x0000000020000154                __malloc_sbrk_start
 .bss.errno     0x0000000020000158        0x4 c:/st/stm32cubeide_1.7.0/stm32cubeide/plugins/com.st.stm32cube.ide.mcu.externaltools.gnu-tools-for-stm32.10.3-2021.10.win32_1.0.0.202111181127/tools/bin/../lib/gcc/arm-none-eabi/10.3.1/../../../../arm-none-eabi/lib/thumb/v7e-m+fp/hard\libc_nano.a(lib_a-reent.o)
                0x0000000020000158                errno
 .bss.__lock___malloc_recursive_mutex
                0x000000002000015c        0x1 c:/st/stm32cubeide_1.7.0/stm32cubeide/plugins/com.st.stm32cube.ide.mcu.externaltools.gnu-tools-for-stm32.10.3-2021.10.win32_1.0.0.202111181127/tools/bin/../lib/gcc/arm-none-eabi/10.3.1/../../../../arm-none-eabi/lib/thumb/v7e-m+fp/hard\libc_nano.a(lib_a-lock.o)
                0x000000002000015c                __lock___malloc_recursive_mutex
 *(COMMON)
                0x0000000020000160                . = ALIGN (0x4)
 *fill*         0x000000002000015d        0x3 
                0x0000000020000160                _ebss = .
                0x0000000020000160                __bss_end__ = _ebss

._user_heap_stack
                0x0000000020000160      0x600 load address 0x0000000008004310
                0x0000000020000160                . = ALIGN (0x8)
                [!provide]                        PROVIDE (end = .)
                0x0000000020000160                PROVIDE (_end = .)
                0x0000000020000360                . = (. + _Min_Heap_Size)
 *fill*         0x0000000020000160      0x200 
                0x0000000020000760                . = (. + _Min_Stack_Size)
 *fill*         0x0000000020000360      0x400 
                0x0000000020000760                . = ALIGN (0x8)

/DISCARD/
 libc.a(*)
 libm.a(*)
 libgcc.a(*)

.ARM.attributes
                0x0000000000000000       0x30
 *(.ARM.attributes)
 .ARM.attributes
                0x0000000000000000       0x1e c:/st/stm32cubeide_1.7.0/stm32cubeide/plugins/com.st.stm32cube.ide.mcu.externaltools.gnu-tools-for-stm32.10.3-2021.10.win32_1.0.0.202111181127/tools/bin/../lib/gcc/arm-none-eabi/10.3.1/thumb/v7e-m+fp/hard/crti.o
 .ARM.attributes
                0x000000000000001e       0x34 c:/st/stm32cubeide_1.7.0/stm32cubeide/plugins/com.st.stm32cube.ide.mcu.externaltools.gnu-tools-for-stm32.10.3-2021.10.win32_1.0.0.202111181127/tools/bin/../lib/gcc/arm-none-eabi/10.3.1/thumb/v7e-m+fp/hard/crtbegin.o
 .ARM.attributes
                0x0000000000000052       0x34 ./Core/Src/MPU6050.o
 .ARM.attributes
                0x0000000000000086       0x34 ./Core/Src/clockcalendar.o
 .ARM.attributes
                0x00000000000000ba       0x34 ./Core/Src/communication.o
 .ARM.attributes
                0x00000000000000ee       0x34 ./Core/Src/gpio.o
 .ARM.attributes
                0x0000000000000122       0x34 ./Core/Src/i2c.o
 .ARM.attributes
                0x0000000000000156       0x34 ./Core/Src/main.o
 .ARM.attributes
                0x000000000000018a       0x34 ./Core/Src/node.o
 .ARM.attributes
                0x00000000000001be       0x34 ./Core/Src/queue.o
 .ARM.attributes
                0x00000000000001f2       0x34 ./Core/Src/stm32f4xx_hal_msp.o
 .ARM.attributes
                0x0000000000000226       0x34 ./Core/Src/stm32f4xx_it.o
 .ARM.attributes
                0x000000000000025a       0x34 ./Core/Src/syscalls.o
 .ARM.attributes
                0x000000000000028e       0x34 ./Core/Src/sysmem.o
 .ARM.attributes
                0x00000000000002c2       0x34 ./Core/Src/system_stm32f4xx.o
 .ARM.attributes
                0x00000000000002f6       0x34 ./Core/Src/usart.o
 .ARM.attributes
                0x000000000000032a       0x21 ./Core/Startup/startup_stm32f401retx.o
 .ARM.attributes
                0x000000000000034b       0x34 ./Drivers/STM32F4xx_HAL_Driver/Src/stm32f4xx_hal.o
 .ARM.attributes
                0x000000000000037f       0x34 ./Drivers/STM32F4xx_HAL_Driver/Src/stm32f4xx_hal_cortex.o
 .ARM.attributes
                0x00000000000003b3       0x34 ./Drivers/STM32F4xx_HAL_Driver/Src/stm32f4xx_hal_gpio.o
 .ARM.attributes
                0x00000000000003e7       0x34 ./Drivers/STM32F4xx_HAL_Driver/Src/stm32f4xx_hal_i2c.o
 .ARM.attributes
                0x000000000000041b       0x34 ./Drivers/STM32F4xx_HAL_Driver/Src/stm32f4xx_hal_rcc.o
 .ARM.attributes
                0x000000000000044f       0x34 ./Drivers/STM32F4xx_HAL_Driver/Src/stm32f4xx_hal_uart.o
 .ARM.attributes
                0x0000000000000483       0x34 c:/st/stm32cubeide_1.7.0/stm32cubeide/plugins/com.st.stm32cube.ide.mcu.externaltools.gnu-tools-for-stm32.10.3-2021.10.win32_1.0.0.202111181127/tools/bin/../lib/gcc/arm-none-eabi/10.3.1/../../../../arm-none-eabi/lib/thumb/v7e-m+fp/hard\libstdc++_nano.a(del_ops.o)
 .ARM.attributes
                0x00000000000004b7       0x34 c:/st/stm32cubeide_1.7.0/stm32cubeide/plugins/com.st.stm32cube.ide.mcu.externaltools.gnu-tools-for-stm32.10.3-2021.10.win32_1.0.0.202111181127/tools/bin/../lib/gcc/arm-none-eabi/10.3.1/../../../../arm-none-eabi/lib/thumb/v7e-m+fp/hard\libstdc++_nano.a(new_op.o)
 .ARM.attributes
                0x00000000000004eb       0x34 c:/st/stm32cubeide_1.7.0/stm32cubeide/plugins/com.st.stm32cube.ide.mcu.externaltools.gnu-tools-for-stm32.10.3-2021.10.win32_1.0.0.202111181127/tools/bin/../lib/gcc/arm-none-eabi/10.3.1/../../../../arm-none-eabi/lib/thumb/v7e-m+fp/hard\libstdc++_nano.a(pure.o)
 .ARM.attributes
                0x000000000000051f       0x34 c:/st/stm32cubeide_1.7.0/stm32cubeide/plugins/com.st.stm32cube.ide.mcu.externaltools.gnu-tools-for-stm32.10.3-2021.10.win32_1.0.0.202111181127/tools/bin/../lib/gcc/arm-none-eabi/10.3.1/../../../../arm-none-eabi/lib/thumb/v7e-m+fp/hard\libstdc++_nano.a(del_op.o)
 .ARM.attributes
                0x0000000000000553       0x34 c:/st/stm32cubeide_1.7.0/stm32cubeide/plugins/com.st.stm32cube.ide.mcu.externaltools.gnu-tools-for-stm32.10.3-2021.10.win32_1.0.0.202111181127/tools/bin/../lib/gcc/arm-none-eabi/10.3.1/../../../../arm-none-eabi/lib/thumb/v7e-m+fp/hard\libstdc++_nano.a(eh_terminate.o)
 .ARM.attributes
                0x0000000000000587       0x34 c:/st/stm32cubeide_1.7.0/stm32cubeide/plugins/com.st.stm32cube.ide.mcu.externaltools.gnu-tools-for-stm32.10.3-2021.10.win32_1.0.0.202111181127/tools/bin/../lib/gcc/arm-none-eabi/10.3.1/../../../../arm-none-eabi/lib/thumb/v7e-m+fp/hard\libstdc++_nano.a(new_handler.o)
 .ARM.attributes
                0x00000000000005bb       0x34 c:/st/stm32cubeide_1.7.0/stm32cubeide/plugins/com.st.stm32cube.ide.mcu.externaltools.gnu-tools-for-stm32.10.3-2021.10.win32_1.0.0.202111181127/tools/bin/../lib/gcc/arm-none-eabi/10.3.1/../../../../arm-none-eabi/lib/thumb/v7e-m+fp/hard\libstdc++_nano.a(eh_term_handler.o)
 .ARM.attributes
                0x00000000000005ef       0x34 c:/st/stm32cubeide_1.7.0/stm32cubeide/plugins/com.st.stm32cube.ide.mcu.externaltools.gnu-tools-for-stm32.10.3-2021.10.win32_1.0.0.202111181127/tools/bin/../lib/gcc/arm-none-eabi/10.3.1/../../../../arm-none-eabi/lib/thumb/v7e-m+fp/hard\libc_nano.a(lib_a-abort.o)
 .ARM.attributes
                0x0000000000000623       0x34 c:/st/stm32cubeide_1.7.0/stm32cubeide/plugins/com.st.stm32cube.ide.mcu.externaltools.gnu-tools-for-stm32.10.3-2021.10.win32_1.0.0.202111181127/tools/bin/../lib/gcc/arm-none-eabi/10.3.1/../../../../arm-none-eabi/lib/thumb/v7e-m+fp/hard\libc_nano.a(lib_a-errno.o)
 .ARM.attributes
                0x0000000000000657       0x34 c:/st/stm32cubeide_1.7.0/stm32cubeide/plugins/com.st.stm32cube.ide.mcu.externaltools.gnu-tools-for-stm32.10.3-2021.10.win32_1.0.0.202111181127/tools/bin/../lib/gcc/arm-none-eabi/10.3.1/../../../../arm-none-eabi/lib/thumb/v7e-m+fp/hard\libc_nano.a(lib_a-impure.o)
 .ARM.attributes
                0x000000000000068b       0x34 c:/st/stm32cubeide_1.7.0/stm32cubeide/plugins/com.st.stm32cube.ide.mcu.externaltools.gnu-tools-for-stm32.10.3-2021.10.win32_1.0.0.202111181127/tools/bin/../lib/gcc/arm-none-eabi/10.3.1/../../../../arm-none-eabi/lib/thumb/v7e-m+fp/hard\libc_nano.a(lib_a-init.o)
 .ARM.attributes
                0x00000000000006bf       0x34 c:/st/stm32cubeide_1.7.0/stm32cubeide/plugins/com.st.stm32cube.ide.mcu.externaltools.gnu-tools-for-stm32.10.3-2021.10.win32_1.0.0.202111181127/tools/bin/../lib/gcc/arm-none-eabi/10.3.1/../../../../arm-none-eabi/lib/thumb/v7e-m+fp/hard\libc_nano.a(lib_a-malloc.o)
 .ARM.attributes
                0x00000000000006f3       0x34 c:/st/stm32cubeide_1.7.0/stm32cubeide/plugins/com.st.stm32cube.ide.mcu.externaltools.gnu-tools-for-stm32.10.3-2021.10.win32_1.0.0.202111181127/tools/bin/../lib/gcc/arm-none-eabi/10.3.1/../../../../arm-none-eabi/lib/thumb/v7e-m+fp/hard\libc_nano.a(lib_a-memset.o)
 .ARM.attributes
                0x0000000000000727       0x34 c:/st/stm32cubeide_1.7.0/stm32cubeide/plugins/com.st.stm32cube.ide.mcu.externaltools.gnu-tools-for-stm32.10.3-2021.10.win32_1.0.0.202111181127/tools/bin/../lib/gcc/arm-none-eabi/10.3.1/../../../../arm-none-eabi/lib/thumb/v7e-m+fp/hard\libc_nano.a(lib_a-nano-freer.o)
 .ARM.attributes
                0x000000000000075b       0x34 c:/st/stm32cubeide_1.7.0/stm32cubeide/plugins/com.st.stm32cube.ide.mcu.externaltools.gnu-tools-for-stm32.10.3-2021.10.win32_1.0.0.202111181127/tools/bin/../lib/gcc/arm-none-eabi/10.3.1/../../../../arm-none-eabi/lib/thumb/v7e-m+fp/hard\libc_nano.a(lib_a-nano-mallocr.o)
 .ARM.attributes
                0x000000000000078f       0x34 c:/st/stm32cubeide_1.7.0/stm32cubeide/plugins/com.st.stm32cube.ide.mcu.externaltools.gnu-tools-for-stm32.10.3-2021.10.win32_1.0.0.202111181127/tools/bin/../lib/gcc/arm-none-eabi/10.3.1/../../../../arm-none-eabi/lib/thumb/v7e-m+fp/hard\libc_nano.a(lib_a-sbrkr.o)
 .ARM.attributes
                0x00000000000007c3       0x34 c:/st/stm32cubeide_1.7.0/stm32cubeide/plugins/com.st.stm32cube.ide.mcu.externaltools.gnu-tools-for-stm32.10.3-2021.10.win32_1.0.0.202111181127/tools/bin/../lib/gcc/arm-none-eabi/10.3.1/../../../../arm-none-eabi/lib/thumb/v7e-m+fp/hard\libc_nano.a(lib_a-signal.o)
 .ARM.attributes
                0x00000000000007f7       0x34 c:/st/stm32cubeide_1.7.0/stm32cubeide/plugins/com.st.stm32cube.ide.mcu.externaltools.gnu-tools-for-stm32.10.3-2021.10.win32_1.0.0.202111181127/tools/bin/../lib/gcc/arm-none-eabi/10.3.1/../../../../arm-none-eabi/lib/thumb/v7e-m+fp/hard\libc_nano.a(lib_a-signalr.o)
 .ARM.attributes
                0x000000000000082b       0x34 c:/st/stm32cubeide_1.7.0/stm32cubeide/plugins/com.st.stm32cube.ide.mcu.externaltools.gnu-tools-for-stm32.10.3-2021.10.win32_1.0.0.202111181127/tools/bin/../lib/gcc/arm-none-eabi/10.3.1/../../../../arm-none-eabi/lib/thumb/v7e-m+fp/hard\libc_nano.a(lib_a-mlock.o)
 .ARM.attributes
                0x000000000000085f       0x34 c:/st/stm32cubeide_1.7.0/stm32cubeide/plugins/com.st.stm32cube.ide.mcu.externaltools.gnu-tools-for-stm32.10.3-2021.10.win32_1.0.0.202111181127/tools/bin/../lib/gcc/arm-none-eabi/10.3.1/../../../../arm-none-eabi/lib/thumb/v7e-m+fp/hard\libc_nano.a(lib_a-reent.o)
 .ARM.attributes
                0x0000000000000893       0x34 c:/st/stm32cubeide_1.7.0/stm32cubeide/plugins/com.st.stm32cube.ide.mcu.externaltools.gnu-tools-for-stm32.10.3-2021.10.win32_1.0.0.202111181127/tools/bin/../lib/gcc/arm-none-eabi/10.3.1/../../../../arm-none-eabi/lib/thumb/v7e-m+fp/hard\libc_nano.a(lib_a-lock.o)
 .ARM.attributes
                0x00000000000008c7       0x1e c:/st/stm32cubeide_1.7.0/stm32cubeide/plugins/com.st.stm32cube.ide.mcu.externaltools.gnu-tools-for-stm32.10.3-2021.10.win32_1.0.0.202111181127/tools/bin/../lib/gcc/arm-none-eabi/10.3.1/thumb/v7e-m+fp/hard\libgcc.a(_arm_addsubdf3.o)
 .ARM.attributes
                0x00000000000008e5       0x1e c:/st/stm32cubeide_1.7.0/stm32cubeide/plugins/com.st.stm32cube.ide.mcu.externaltools.gnu-tools-for-stm32.10.3-2021.10.win32_1.0.0.202111181127/tools/bin/../lib/gcc/arm-none-eabi/10.3.1/thumb/v7e-m+fp/hard\libgcc.a(_arm_truncdfsf2.o)
 .ARM.attributes
                0x0000000000000903       0x1e c:/st/stm32cubeide_1.7.0/stm32cubeide/plugins/com.st.stm32cube.ide.mcu.externaltools.gnu-tools-for-stm32.10.3-2021.10.win32_1.0.0.202111181127/tools/bin/../lib/gcc/arm-none-eabi/10.3.1/thumb/v7e-m+fp/hard\libgcc.a(_aeabi_uldivmod.o)
 .ARM.attributes
                0x0000000000000921       0x34 c:/st/stm32cubeide_1.7.0/stm32cubeide/plugins/com.st.stm32cube.ide.mcu.externaltools.gnu-tools-for-stm32.10.3-2021.10.win32_1.0.0.202111181127/tools/bin/../lib/gcc/arm-none-eabi/10.3.1/thumb/v7e-m+fp/hard\libgcc.a(_udivmoddi4.o)
 .ARM.attributes
                0x0000000000000955       0x1e c:/st/stm32cubeide_1.7.0/stm32cubeide/plugins/com.st.stm32cube.ide.mcu.externaltools.gnu-tools-for-stm32.10.3-2021.10.win32_1.0.0.202111181127/tools/bin/../lib/gcc/arm-none-eabi/10.3.1/thumb/v7e-m+fp/hard\libgcc.a(_dvmd_tls.o)
 .ARM.attributes
                0x0000000000000973       0x1e c:/st/stm32cubeide_1.7.0/stm32cubeide/plugins/com.st.stm32cube.ide.mcu.externaltools.gnu-tools-for-stm32.10.3-2021.10.win32_1.0.0.202111181127/tools/bin/../lib/gcc/arm-none-eabi/10.3.1/thumb/v7e-m+fp/hard/crtn.o
OUTPUT(temperature_station.elf elf32-littlearm)
LOAD linker stubs
LOAD c:/st/stm32cubeide_1.7.0/stm32cubeide/plugins/com.st.stm32cube.ide.mcu.externaltools.gnu-tools-for-stm32.10.3-2021.10.win32_1.0.0.202111181127/tools/bin/../lib/gcc/arm-none-eabi/10.3.1/../../../../arm-none-eabi/lib/thumb/v7e-m+fp/hard\libc.a
LOAD c:/st/stm32cubeide_1.7.0/stm32cubeide/plugins/com.st.stm32cube.ide.mcu.externaltools.gnu-tools-for-stm32.10.3-2021.10.win32_1.0.0.202111181127/tools/bin/../lib/gcc/arm-none-eabi/10.3.1/../../../../arm-none-eabi/lib/thumb/v7e-m+fp/hard\libm.a
LOAD c:/st/stm32cubeide_1.7.0/stm32cubeide/plugins/com.st.stm32cube.ide.mcu.externaltools.gnu-tools-for-stm32.10.3-2021.10.win32_1.0.0.202111181127/tools/bin/../lib/gcc/arm-none-eabi/10.3.1/thumb/v7e-m+fp/hard\libgcc.a

.debug_info     0x0000000000000000     0xebf0
 .debug_info    0x0000000000000000      0x827 ./Core/Src/MPU6050.o
 .debug_info    0x0000000000000827      0x88f ./Core/Src/clockcalendar.o
 .debug_info    0x00000000000010b6      0xdaf ./Core/Src/communication.o
 .debug_info    0x0000000000001e65      0x668 ./Core/Src/gpio.o
 .debug_info    0x00000000000024cd      0xa40 ./Core/Src/i2c.o
 .debug_info    0x0000000000002f0d     0x10e8 ./Core/Src/main.o
 .debug_info    0x0000000000003ff5      0x833 ./Core/Src/node.o
 .debug_info    0x0000000000004828      0x896 ./Core/Src/queue.o
 .debug_info    0x00000000000050be      0x2e7 ./Core/Src/stm32f4xx_hal_msp.o
 .debug_info    0x00000000000053a5      0x15d ./Core/Src/stm32f4xx_it.o
 .debug_info    0x0000000000005502      0x6e0 ./Core/Src/syscalls.o
 .debug_info    0x0000000000005be2      0x171 ./Core/Src/sysmem.o
 .debug_info    0x0000000000005d53      0x54f ./Core/Src/system_stm32f4xx.o
 .debug_info    0x00000000000062a2      0x9c4 ./Core/Src/usart.o
 .debug_info    0x0000000000006c66       0x22 ./Core/Startup/startup_stm32f401retx.o
 .debug_info    0x0000000000006c88      0x906 ./Drivers/STM32F4xx_HAL_Driver/Src/stm32f4xx_hal.o
 .debug_info    0x000000000000758e      0xd85 ./Drivers/STM32F4xx_HAL_Driver/Src/stm32f4xx_hal_cortex.o
 .debug_info    0x0000000000008313      0x78e ./Drivers/STM32F4xx_HAL_Driver/Src/stm32f4xx_hal_gpio.o
 .debug_info    0x0000000000008aa1     0x260f ./Drivers/STM32F4xx_HAL_Driver/Src/stm32f4xx_hal_i2c.o
 .debug_info    0x000000000000b0b0      0x98c ./Drivers/STM32F4xx_HAL_Driver/Src/stm32f4xx_hal_rcc.o
 .debug_info    0x000000000000ba3c     0x31b4 ./Drivers/STM32F4xx_HAL_Driver/Src/stm32f4xx_hal_uart.o

.debug_abbrev   0x0000000000000000     0x2a18
 .debug_abbrev  0x0000000000000000      0x203 ./Core/Src/MPU6050.o
 .debug_abbrev  0x0000000000000203      0x1bc ./Core/Src/clockcalendar.o
 .debug_abbrev  0x00000000000003bf      0x307 ./Core/Src/communication.o
 .debug_abbrev  0x00000000000006c6      0x164 ./Core/Src/gpio.o
 .debug_abbrev  0x000000000000082a      0x1e0 ./Core/Src/i2c.o
 .debug_abbrev  0x0000000000000a0a      0x495 ./Core/Src/main.o
 .debug_abbrev  0x0000000000000e9f      0x23c ./Core/Src/node.o
 .debug_abbrev  0x00000000000010db      0x2c2 ./Core/Src/queue.o
 .debug_abbrev  0x000000000000139d       0xf0 ./Core/Src/stm32f4xx_hal_msp.o
 .debug_abbrev  0x000000000000148d       0x9f ./Core/Src/stm32f4xx_it.o
 .debug_abbrev  0x000000000000152c      0x1b3 ./Core/Src/syscalls.o
 .debug_abbrev  0x00000000000016df       0xbb ./Core/Src/sysmem.o
 .debug_abbrev  0x000000000000179a      0x116 ./Core/Src/system_stm32f4xx.o
 .debug_abbrev  0x00000000000018b0      0x1e7 ./Core/Src/usart.o
 .debug_abbrev  0x0000000000001a97       0x12 ./Core/Startup/startup_stm32f401retx.o
 .debug_abbrev  0x0000000000001aa9      0x23e ./Drivers/STM32F4xx_HAL_Driver/Src/stm32f4xx_hal.o
 .debug_abbrev  0x0000000000001ce7      0x316 ./Drivers/STM32F4xx_HAL_Driver/Src/stm32f4xx_hal_cortex.o
 .debug_abbrev  0x0000000000001ffd      0x1c4 ./Drivers/STM32F4xx_HAL_Driver/Src/stm32f4xx_hal_gpio.o
 .debug_abbrev  0x00000000000021c1      0x2a8 ./Drivers/STM32F4xx_HAL_Driver/Src/stm32f4xx_hal_i2c.o
 .debug_abbrev  0x0000000000002469      0x2aa ./Drivers/STM32F4xx_HAL_Driver/Src/stm32f4xx_hal_rcc.o
 .debug_abbrev  0x0000000000002713      0x305 ./Drivers/STM32F4xx_HAL_Driver/Src/stm32f4xx_hal_uart.o

.debug_aranges  0x0000000000000000      0xbc0
 .debug_aranges
                0x0000000000000000       0x30 ./Core/Src/MPU6050.o
 .debug_aranges
                0x0000000000000030       0xa8 ./Core/Src/clockcalendar.o
 .debug_aranges
                0x00000000000000d8       0x38 ./Core/Src/communication.o
 .debug_aranges
                0x0000000000000110       0x20 ./Core/Src/gpio.o
 .debug_aranges
                0x0000000000000130       0x30 ./Core/Src/i2c.o
 .debug_aranges
                0x0000000000000160       0x60 ./Core/Src/main.o
 .debug_aranges
                0x00000000000001c0       0x58 ./Core/Src/node.o
 .debug_aranges
                0x0000000000000218       0x50 ./Core/Src/queue.o
 .debug_aranges
                0x0000000000000268       0x20 ./Core/Src/stm32f4xx_hal_msp.o
 .debug_aranges
                0x0000000000000288       0x68 ./Core/Src/stm32f4xx_it.o
 .debug_aranges
                0x00000000000002f0       0xa8 ./Core/Src/syscalls.o
 .debug_aranges
                0x0000000000000398       0x20 ./Core/Src/sysmem.o
 .debug_aranges
                0x00000000000003b8       0x28 ./Core/Src/system_stm32f4xx.o
 .debug_aranges
                0x00000000000003e0       0x30 ./Core/Src/usart.o
 .debug_aranges
                0x0000000000000410       0x28 ./Core/Startup/startup_stm32f401retx.o
 .debug_aranges
                0x0000000000000438       0xf0 ./Drivers/STM32F4xx_HAL_Driver/Src/stm32f4xx_hal.o
 .debug_aranges
                0x0000000000000528      0x118 ./Drivers/STM32F4xx_HAL_Driver/Src/stm32f4xx_hal_cortex.o
 .debug_aranges
                0x0000000000000640       0x58 ./Drivers/STM32F4xx_HAL_Driver/Src/stm32f4xx_hal_gpio.o
 .debug_aranges
                0x0000000000000698      0x2a0 ./Drivers/STM32F4xx_HAL_Driver/Src/stm32f4xx_hal_i2c.o
 .debug_aranges
                0x0000000000000938       0x88 ./Drivers/STM32F4xx_HAL_Driver/Src/stm32f4xx_hal_rcc.o
 .debug_aranges
                0x00000000000009c0      0x200 ./Drivers/STM32F4xx_HAL_Driver/Src/stm32f4xx_hal_uart.o

.debug_ranges   0x0000000000000000      0xac0
 .debug_ranges  0x0000000000000000       0x20 ./Core/Src/MPU6050.o
 .debug_ranges  0x0000000000000020       0x98 ./Core/Src/clockcalendar.o
 .debug_ranges  0x00000000000000b8       0x28 ./Core/Src/communication.o
 .debug_ranges  0x00000000000000e0       0x10 ./Core/Src/gpio.o
 .debug_ranges  0x00000000000000f0       0x20 ./Core/Src/i2c.o
 .debug_ranges  0x0000000000000110       0x50 ./Core/Src/main.o
 .debug_ranges  0x0000000000000160       0x48 ./Core/Src/node.o
 .debug_ranges  0x00000000000001a8       0x40 ./Core/Src/queue.o
 .debug_ranges  0x00000000000001e8       0x10 ./Core/Src/stm32f4xx_hal_msp.o
 .debug_ranges  0x00000000000001f8       0x58 ./Core/Src/stm32f4xx_it.o
 .debug_ranges  0x0000000000000250       0x98 ./Core/Src/syscalls.o
 .debug_ranges  0x00000000000002e8       0x10 ./Core/Src/sysmem.o
 .debug_ranges  0x00000000000002f8       0x18 ./Core/Src/system_stm32f4xx.o
 .debug_ranges  0x0000000000000310       0x20 ./Core/Src/usart.o
 .debug_ranges  0x0000000000000330       0x20 ./Core/Startup/startup_stm32f401retx.o
 .debug_ranges  0x0000000000000350       0xe0 ./Drivers/STM32F4xx_HAL_Driver/Src/stm32f4xx_hal.o
 .debug_ranges  0x0000000000000430      0x108 ./Drivers/STM32F4xx_HAL_Driver/Src/stm32f4xx_hal_cortex.o
 .debug_ranges  0x0000000000000538       0x48 ./Drivers/STM32F4xx_HAL_Driver/Src/stm32f4xx_hal_gpio.o
 .debug_ranges  0x0000000000000580      0x2a8 ./Drivers/STM32F4xx_HAL_Driver/Src/stm32f4xx_hal_i2c.o
 .debug_ranges  0x0000000000000828       0x78 ./Drivers/STM32F4xx_HAL_Driver/Src/stm32f4xx_hal_rcc.o
 .debug_ranges  0x00000000000008a0      0x220 ./Drivers/STM32F4xx_HAL_Driver/Src/stm32f4xx_hal_uart.o

.debug_macro    0x0000000000000000    0x191aa
 .debug_macro   0x0000000000000000      0x1fa ./Core/Src/MPU6050.o
 .debug_macro   0x00000000000001fa      0xb50 ./Core/Src/MPU6050.o
 .debug_macro   0x0000000000000d4a       0x28 ./Core/Src/MPU6050.o
 .debug_macro   0x0000000000000d72      0x29b ./Core/Src/MPU6050.o
 .debug_macro   0x000000000000100d       0x2e ./Core/Src/MPU6050.o
 .debug_macro   0x000000000000103b       0x28 ./Core/Src/MPU6050.o
 .debug_macro   0x0000000000001063       0x1c ./Core/Src/MPU6050.o
 .debug_macro   0x000000000000107f       0x22 ./Core/Src/MPU6050.o
 .debug_macro   0x00000000000010a1       0x8e ./Core/Src/MPU6050.o
 .debug_macro   0x000000000000112f       0x51 ./Core/Src/MPU6050.o
 .debug_macro   0x0000000000001180      0x103 ./Core/Src/MPU6050.o
 .debug_macro   0x0000000000001283       0x6a ./Core/Src/MPU6050.o
 .debug_macro   0x00000000000012ed      0x1df ./Core/Src/MPU6050.o
 .debug_macro   0x00000000000014cc       0x1c ./Core/Src/MPU6050.o
 .debug_macro   0x00000000000014e8       0x22 ./Core/Src/MPU6050.o
 .debug_macro   0x000000000000150a       0xd9 ./Core/Src/MPU6050.o
 .debug_macro   0x00000000000015e3     0x102d ./Core/Src/MPU6050.o
 .debug_macro   0x0000000000002610      0x11f ./Core/Src/MPU6050.o
 .debug_macro   0x000000000000272f     0xb86c ./Core/Src/MPU6050.o
 .debug_macro   0x000000000000df9b       0x6d ./Core/Src/MPU6050.o
 .debug_macro   0x000000000000e008     0x367e ./Core/Src/MPU6050.o
 .debug_macro   0x0000000000011686      0x17b ./Core/Src/MPU6050.o
 .debug_macro   0x0000000000011801       0x5c ./Core/Src/MPU6050.o
 .debug_macro   0x000000000001185d      0x416 ./Core/Src/MPU6050.o
 .debug_macro   0x0000000000011c73      0x9fe ./Core/Src/MPU6050.o
 .debug_macro   0x0000000000012671      0x115 ./Core/Src/MPU6050.o
 .debug_macro   0x0000000000012786       0xf8 ./Core/Src/MPU6050.o
 .debug_macro   0x000000000001287e       0xa5 ./Core/Src/MPU6050.o
 .debug_macro   0x0000000000012923      0x15f ./Core/Src/MPU6050.o
 .debug_macro   0x0000000000012a82      0x287 ./Core/Src/MPU6050.o
 .debug_macro   0x0000000000012d09       0x5f ./Core/Src/MPU6050.o
 .debug_macro   0x0000000000012d68      0x236 ./Core/Src/MPU6050.o
 .debug_macro   0x0000000000012f9e      0x132 ./Core/Src/MPU6050.o
 .debug_macro   0x00000000000130d0      0x264 ./Core/Src/MPU6050.o
 .debug_macro   0x0000000000013334       0x2e ./Core/Src/MPU6050.o
 .debug_macro   0x0000000000013362      0x1b5 ./Core/Src/MPU6050.o
 .debug_macro   0x0000000000013517       0x22 ./Core/Src/MPU6050.o
 .debug_macro   0x0000000000013539       0xd6 ./Core/Src/MPU6050.o
 .debug_macro   0x000000000001360f      0x11a ./Core/Src/MPU6050.o
 .debug_macro   0x0000000000013729       0x85 ./Core/Src/MPU6050.o
 .debug_macro   0x00000000000137ae       0x89 ./Core/Src/MPU6050.o
 .debug_macro   0x0000000000013837      0x295 ./Core/Src/MPU6050.o
 .debug_macro   0x0000000000013acc      0x126 ./Core/Src/MPU6050.o
 .debug_macro   0x0000000000013bf2       0x52 ./Core/Src/MPU6050.o
 .debug_macro   0x0000000000013c44      0x1f1 ./Core/Src/clockcalendar.o
 .debug_macro   0x0000000000013e35      0x219 ./Core/Src/communication.o
 .debug_macro   0x000000000001404e      0x1ec ./Core/Src/gpio.o
 .debug_macro   0x000000000001423a      0xa78 ./Core/Src/gpio.o
 .debug_macro   0x0000000000014cb2     0x102d ./Core/Src/gpio.o
 .debug_macro   0x0000000000015cdf      0x174 ./Core/Src/gpio.o
 .debug_macro   0x0000000000015e53      0x1ec ./Core/Src/i2c.o
 .debug_macro   0x000000000001603f      0x242 ./Core/Src/main.o
 .debug_macro   0x0000000000016281      0x1fb ./Core/Src/node.o
 .debug_macro   0x000000000001647c      0x205 ./Core/Src/queue.o
 .debug_macro   0x0000000000016681      0x1e2 ./Core/Src/stm32f4xx_hal_msp.o
 .debug_macro   0x0000000000016863      0x1ec ./Core/Src/stm32f4xx_it.o
 .debug_macro   0x0000000000016a4f      0x24c ./Core/Src/syscalls.o
 .debug_macro   0x0000000000016c9b       0x4c ./Core/Src/syscalls.o
 .debug_macro   0x0000000000016ce7       0x1e ./Core/Src/syscalls.o
 .debug_macro   0x0000000000016d05       0x94 ./Core/Src/syscalls.o
 .debug_macro   0x0000000000016d99       0x3c ./Core/Src/syscalls.o
 .debug_macro   0x0000000000016dd5       0x34 ./Core/Src/syscalls.o
 .debug_macro   0x0000000000016e09       0x57 ./Core/Src/syscalls.o
 .debug_macro   0x0000000000016e60      0x341 ./Core/Src/syscalls.o
 .debug_macro   0x00000000000171a1       0x16 ./Core/Src/syscalls.o
 .debug_macro   0x00000000000171b7       0x43 ./Core/Src/syscalls.o
 .debug_macro   0x00000000000171fa       0x34 ./Core/Src/syscalls.o
 .debug_macro   0x000000000001722e       0x10 ./Core/Src/syscalls.o
 .debug_macro   0x000000000001723e       0x58 ./Core/Src/syscalls.o
 .debug_macro   0x0000000000017296       0x71 ./Core/Src/syscalls.o
 .debug_macro   0x0000000000017307       0x1c ./Core/Src/syscalls.o
 .debug_macro   0x0000000000017323      0x12a ./Core/Src/syscalls.o
 .debug_macro   0x000000000001744d       0x10 ./Core/Src/syscalls.o
 .debug_macro   0x000000000001745d       0x35 ./Core/Src/syscalls.o
 .debug_macro   0x0000000000017492       0x10 ./Core/Src/syscalls.o
 .debug_macro   0x00000000000174a2       0x10 ./Core/Src/syscalls.o
 .debug_macro   0x00000000000174b2       0x10 ./Core/Src/syscalls.o
 .debug_macro   0x00000000000174c2       0x1c ./Core/Src/syscalls.o
 .debug_macro   0x00000000000174de       0x52 ./Core/Src/syscalls.o
 .debug_macro   0x0000000000017530       0x22 ./Core/Src/syscalls.o
 .debug_macro   0x0000000000017552       0x10 ./Core/Src/syscalls.o
 .debug_macro   0x0000000000017562       0x52 ./Core/Src/syscalls.o
 .debug_macro   0x00000000000175b4       0xd5 ./Core/Src/syscalls.o
 .debug_macro   0x0000000000017689       0x1c ./Core/Src/syscalls.o
 .debug_macro   0x00000000000176a5       0x3d ./Core/Src/syscalls.o
 .debug_macro   0x00000000000176e2       0x35 ./Core/Src/syscalls.o
 .debug_macro   0x0000000000017717      0x12c ./Core/Src/syscalls.o
 .debug_macro   0x0000000000017843       0x16 ./Core/Src/syscalls.o
 .debug_macro   0x0000000000017859       0x16 ./Core/Src/syscalls.o
 .debug_macro   0x000000000001786f       0x29 ./Core/Src/syscalls.o
 .debug_macro   0x0000000000017898       0x10 ./Core/Src/syscalls.o
 .debug_macro   0x00000000000178a8      0x241 ./Core/Src/syscalls.o
 .debug_macro   0x0000000000017ae9       0x1c ./Core/Src/syscalls.o
 .debug_macro   0x0000000000017b05       0x10 ./Core/Src/syscalls.o
 .debug_macro   0x0000000000017b15       0x10 ./Core/Src/syscalls.o
 .debug_macro   0x0000000000017b25       0x16 ./Core/Src/syscalls.o
 .debug_macro   0x0000000000017b3b      0x145 ./Core/Src/syscalls.o
 .debug_macro   0x0000000000017c80      0x189 ./Core/Src/syscalls.o
 .debug_macro   0x0000000000017e09       0x16 ./Core/Src/syscalls.o
 .debug_macro   0x0000000000017e1f       0xce ./Core/Src/syscalls.o
 .debug_macro   0x0000000000017eed       0xff ./Core/Src/sysmem.o
 .debug_macro   0x0000000000017fec      0x23b ./Core/Src/sysmem.o
 .debug_macro   0x0000000000018227      0x1d3 ./Core/Src/system_stm32f4xx.o
 .debug_macro   0x00000000000183fa      0x1ec ./Core/Src/usart.o
 .debug_macro   0x00000000000185e6      0x233 ./Drivers/STM32F4xx_HAL_Driver/Src/stm32f4xx_hal.o
 .debug_macro   0x0000000000018819      0x1d3 ./Drivers/STM32F4xx_HAL_Driver/Src/stm32f4xx_hal_cortex.o
 .debug_macro   0x00000000000189ec      0x1d9 ./Drivers/STM32F4xx_HAL_Driver/Src/stm32f4xx_hal_gpio.o
 .debug_macro   0x0000000000018bc5      0x21a ./Drivers/STM32F4xx_HAL_Driver/Src/stm32f4xx_hal_i2c.o
 .debug_macro   0x0000000000018ddf      0x1f7 ./Drivers/STM32F4xx_HAL_Driver/Src/stm32f4xx_hal_rcc.o
 .debug_macro   0x0000000000018fd6      0x1d4 ./Drivers/STM32F4xx_HAL_Driver/Src/stm32f4xx_hal_uart.o

.debug_line     0x0000000000000000     0xf9d6
 .debug_line    0x0000000000000000      0x71c ./Core/Src/MPU6050.o
 .debug_line    0x000000000000071c      0x90e ./Core/Src/clockcalendar.o
 .debug_line    0x000000000000102a      0x821 ./Core/Src/communication.o
 .debug_line    0x000000000000184b      0x6d3 ./Core/Src/gpio.o
 .debug_line    0x0000000000001f1e      0x721 ./Core/Src/i2c.o
 .debug_line    0x000000000000263f      0x890 ./Core/Src/main.o
 .debug_line    0x0000000000002ecf      0x78e ./Core/Src/node.o
 .debug_line    0x000000000000365d      0x7f2 ./Core/Src/queue.o
 .debug_line    0x0000000000003e4f      0x6b8 ./Core/Src/stm32f4xx_hal_msp.o
 .debug_line    0x0000000000004507      0x792 ./Core/Src/stm32f4xx_it.o
 .debug_line    0x0000000000004c99      0x7ef ./Core/Src/syscalls.o
 .debug_line    0x0000000000005488      0x4e5 ./Core/Src/sysmem.o
 .debug_line    0x000000000000596d      0x739 ./Core/Src/system_stm32f4xx.o
 .debug_line    0x00000000000060a6      0x731 ./Core/Src/usart.o
 .debug_line    0x00000000000067d7       0x88 ./Core/Startup/startup_stm32f401retx.o
 .debug_line    0x000000000000685f      0x99f ./Drivers/STM32F4xx_HAL_Driver/Src/stm32f4xx_hal.o
 .debug_line    0x00000000000071fe      0xc4e ./Drivers/STM32F4xx_HAL_Driver/Src/stm32f4xx_hal_cortex.o
 .debug_line    0x0000000000007e4c      0xad7 ./Drivers/STM32F4xx_HAL_Driver/Src/stm32f4xx_hal_gpio.o
 .debug_line    0x0000000000008923     0x3954 ./Drivers/STM32F4xx_HAL_Driver/Src/stm32f4xx_hal_i2c.o
 .debug_line    0x000000000000c277      0xd1b ./Drivers/STM32F4xx_HAL_Driver/Src/stm32f4xx_hal_rcc.o
 .debug_line    0x000000000000cf92     0x2a44 ./Drivers/STM32F4xx_HAL_Driver/Src/stm32f4xx_hal_uart.o

.debug_str      0x0000000000000000    0x898f2
 .debug_str     0x0000000000000000    0x8104f ./Core/Src/MPU6050.o
                                      0x813e8 (size before relaxing)
 .debug_str     0x000000000008104f      0x2d7 ./Core/Src/clockcalendar.o
                                      0x80f75 (size before relaxing)
 .debug_str     0x0000000000081326      0x439 ./Core/Src/communication.o
                                      0x816e2 (size before relaxing)
 .debug_str     0x000000000008175f      0x76d ./Core/Src/gpio.o
                                      0x80dc6 (size before relaxing)
 .debug_str     0x0000000000081ecc       0x76 ./Core/Src/i2c.o
                                      0x80f3c (size before relaxing)
 .debug_str     0x0000000000081f42      0x3df ./Core/Src/main.o
                                      0x8189e (size before relaxing)
 .debug_str     0x0000000000082321      0x103 ./Core/Src/node.o
                                      0x810a7 (size before relaxing)
 .debug_str     0x0000000000082424       0x87 ./Core/Src/queue.o
                                      0x81108 (size before relaxing)
 .debug_str     0x00000000000824ab       0x49 ./Core/Src/stm32f4xx_hal_msp.o
                                      0x8095a (size before relaxing)
 .debug_str     0x00000000000824f4       0xf7 ./Core/Src/stm32f4xx_it.o
                                      0x808f3 (size before relaxing)
 .debug_str     0x00000000000825eb     0x54a5 ./Core/Src/syscalls.o
                                       0x8a7e (size before relaxing)
 .debug_str     0x0000000000087a90       0x6b ./Core/Src/sysmem.o
                                       0x5dba (size before relaxing)
 .debug_str     0x0000000000087afb       0xdb ./Core/Src/system_stm32f4xx.o
                                      0x808dc (size before relaxing)
 .debug_str     0x0000000000087bd6       0x51 ./Core/Src/usart.o
                                      0x80e9d (size before relaxing)
 .debug_str     0x0000000000087c27       0x36 ./Core/Startup/startup_stm32f401retx.o
                                         0x7c (size before relaxing)
 .debug_str     0x0000000000087c5d      0x587 ./Drivers/STM32F4xx_HAL_Driver/Src/stm32f4xx_hal.o
                                      0x812fe (size before relaxing)
 .debug_str     0x00000000000881e4      0x338 ./Drivers/STM32F4xx_HAL_Driver/Src/stm32f4xx_hal_cortex.o
                                      0x8101f (size before relaxing)
 .debug_str     0x000000000008851c       0xe8 ./Drivers/STM32F4xx_HAL_Driver/Src/stm32f4xx_hal_gpio.o
                                      0x80a57 (size before relaxing)
 .debug_str     0x0000000000088604      0xaec ./Drivers/STM32F4xx_HAL_Driver/Src/stm32f4xx_hal_i2c.o
                                      0x8189a (size before relaxing)
 .debug_str     0x00000000000890f0      0x213 ./Drivers/STM32F4xx_HAL_Driver/Src/stm32f4xx_hal_rcc.o
                                      0x80d10 (size before relaxing)
 .debug_str     0x0000000000089303      0x5ef ./Drivers/STM32F4xx_HAL_Driver/Src/stm32f4xx_hal_uart.o
                                      0x8129d (size before relaxing)

.comment        0x0000000000000000       0x50
 .comment       0x0000000000000000       0x50 ./Core/Src/MPU6050.o
                                         0x51 (size before relaxing)
 .comment       0x0000000000000050       0x51 ./Core/Src/clockcalendar.o
 .comment       0x0000000000000050       0x51 ./Core/Src/communication.o
 .comment       0x0000000000000050       0x51 ./Core/Src/gpio.o
 .comment       0x0000000000000050       0x51 ./Core/Src/i2c.o
 .comment       0x0000000000000050       0x51 ./Core/Src/main.o
 .comment       0x0000000000000050       0x51 ./Core/Src/node.o
 .comment       0x0000000000000050       0x51 ./Core/Src/queue.o
 .comment       0x0000000000000050       0x51 ./Core/Src/stm32f4xx_hal_msp.o
 .comment       0x0000000000000050       0x51 ./Core/Src/stm32f4xx_it.o
 .comment       0x0000000000000050       0x51 ./Core/Src/syscalls.o
 .comment       0x0000000000000050       0x51 ./Core/Src/sysmem.o
 .comment       0x0000000000000050       0x51 ./Core/Src/system_stm32f4xx.o
 .comment       0x0000000000000050       0x51 ./Core/Src/usart.o
 .comment       0x0000000000000050       0x51 ./Drivers/STM32F4xx_HAL_Driver/Src/stm32f4xx_hal.o
 .comment       0x0000000000000050       0x51 ./Drivers/STM32F4xx_HAL_Driver/Src/stm32f4xx_hal_cortex.o
 .comment       0x0000000000000050       0x51 ./Drivers/STM32F4xx_HAL_Driver/Src/stm32f4xx_hal_gpio.o
 .comment       0x0000000000000050       0x51 ./Drivers/STM32F4xx_HAL_Driver/Src/stm32f4xx_hal_i2c.o
 .comment       0x0000000000000050       0x51 ./Drivers/STM32F4xx_HAL_Driver/Src/stm32f4xx_hal_rcc.o
 .comment       0x0000000000000050       0x51 ./Drivers/STM32F4xx_HAL_Driver/Src/stm32f4xx_hal_uart.o

.debug_frame    0x0000000000000000     0x349c
 .debug_frame   0x0000000000000000       0x80 ./Core/Src/MPU6050.o
 .debug_frame   0x0000000000000080      0x2dc ./Core/Src/clockcalendar.o
 .debug_frame   0x000000000000035c       0xa8 ./Core/Src/communication.o
 .debug_frame   0x0000000000000404       0x34 ./Core/Src/gpio.o
 .debug_frame   0x0000000000000438       0x74 ./Core/Src/i2c.o
 .debug_frame   0x00000000000004ac      0x140 ./Core/Src/main.o
 .debug_frame   0x00000000000005ec      0x144 ./Core/Src/node.o
 .debug_frame   0x0000000000000730      0x128 ./Core/Src/queue.o
 .debug_frame   0x0000000000000858       0x34 ./Core/Src/stm32f4xx_hal_msp.o
 .debug_frame   0x000000000000088c      0x120 ./Core/Src/stm32f4xx_it.o
 .debug_frame   0x00000000000009ac      0x2ac ./Core/Src/syscalls.o
 .debug_frame   0x0000000000000c58       0x34 ./Core/Src/sysmem.o
 .debug_frame   0x0000000000000c8c       0x58 ./Core/Src/system_stm32f4xx.o
 .debug_frame   0x0000000000000ce4       0x74 ./Core/Src/usart.o
 .debug_frame   0x0000000000000d58      0x374 ./Drivers/STM32F4xx_HAL_Driver/Src/stm32f4xx_hal.o
 .debug_frame   0x00000000000010cc      0x498 ./Drivers/STM32F4xx_HAL_Driver/Src/stm32f4xx_hal_cortex.o
 .debug_frame   0x0000000000001564      0x14c ./Drivers/STM32F4xx_HAL_Driver/Src/stm32f4xx_hal_gpio.o
 .debug_frame   0x00000000000016b0      0xc5c ./Drivers/STM32F4xx_HAL_Driver/Src/stm32f4xx_hal_i2c.o
 .debug_frame   0x000000000000230c      0x1f4 ./Drivers/STM32F4xx_HAL_Driver/Src/stm32f4xx_hal_rcc.o
 .debug_frame   0x0000000000002500      0x92c ./Drivers/STM32F4xx_HAL_Driver/Src/stm32f4xx_hal_uart.o
 .debug_frame   0x0000000000002e2c       0x20 c:/st/stm32cubeide_1.7.0/stm32cubeide/plugins/com.st.stm32cube.ide.mcu.externaltools.gnu-tools-for-stm32.10.3-2021.10.win32_1.0.0.202111181127/tools/bin/../lib/gcc/arm-none-eabi/10.3.1/../../../../arm-none-eabi/lib/thumb/v7e-m+fp/hard\libstdc++_nano.a(del_ops.o)
 .debug_frame   0x0000000000002e4c       0x28 c:/st/stm32cubeide_1.7.0/stm32cubeide/plugins/com.st.stm32cube.ide.mcu.externaltools.gnu-tools-for-stm32.10.3-2021.10.win32_1.0.0.202111181127/tools/bin/../lib/gcc/arm-none-eabi/10.3.1/../../../../arm-none-eabi/lib/thumb/v7e-m+fp/hard\libstdc++_nano.a(new_op.o)
 .debug_frame   0x0000000000002e74       0x40 c:/st/stm32cubeide_1.7.0/stm32cubeide/plugins/com.st.stm32cube.ide.mcu.externaltools.gnu-tools-for-stm32.10.3-2021.10.win32_1.0.0.202111181127/tools/bin/../lib/gcc/arm-none-eabi/10.3.1/../../../../arm-none-eabi/lib/thumb/v7e-m+fp/hard\libstdc++_nano.a(pure.o)
 .debug_frame   0x0000000000002eb4       0x20 c:/st/stm32cubeide_1.7.0/stm32cubeide/plugins/com.st.stm32cube.ide.mcu.externaltools.gnu-tools-for-stm32.10.3-2021.10.win32_1.0.0.202111181127/tools/bin/../lib/gcc/arm-none-eabi/10.3.1/../../../../arm-none-eabi/lib/thumb/v7e-m+fp/hard\libstdc++_nano.a(del_op.o)
 .debug_frame   0x0000000000002ed4       0xb0 c:/st/stm32cubeide_1.7.0/stm32cubeide/plugins/com.st.stm32cube.ide.mcu.externaltools.gnu-tools-for-stm32.10.3-2021.10.win32_1.0.0.202111181127/tools/bin/../lib/gcc/arm-none-eabi/10.3.1/../../../../arm-none-eabi/lib/thumb/v7e-m+fp/hard\libstdc++_nano.a(eh_terminate.o)
 .debug_frame   0x0000000000002f84       0x30 c:/st/stm32cubeide_1.7.0/stm32cubeide/plugins/com.st.stm32cube.ide.mcu.externaltools.gnu-tools-for-stm32.10.3-2021.10.win32_1.0.0.202111181127/tools/bin/../lib/gcc/arm-none-eabi/10.3.1/../../../../arm-none-eabi/lib/thumb/v7e-m+fp/hard\libstdc++_nano.a(new_handler.o)
 .debug_frame   0x0000000000002fb4       0x28 c:/st/stm32cubeide_1.7.0/stm32cubeide/plugins/com.st.stm32cube.ide.mcu.externaltools.gnu-tools-for-stm32.10.3-2021.10.win32_1.0.0.202111181127/tools/bin/../lib/gcc/arm-none-eabi/10.3.1/../../../../arm-none-eabi/lib/thumb/v7e-m+fp/hard\libc_nano.a(lib_a-abort.o)
 .debug_frame   0x0000000000002fdc       0x20 c:/st/stm32cubeide_1.7.0/stm32cubeide/plugins/com.st.stm32cube.ide.mcu.externaltools.gnu-tools-for-stm32.10.3-2021.10.win32_1.0.0.202111181127/tools/bin/../lib/gcc/arm-none-eabi/10.3.1/../../../../arm-none-eabi/lib/thumb/v7e-m+fp/hard\libc_nano.a(lib_a-errno.o)
 .debug_frame   0x0000000000002ffc       0x2c c:/st/stm32cubeide_1.7.0/stm32cubeide/plugins/com.st.stm32cube.ide.mcu.externaltools.gnu-tools-for-stm32.10.3-2021.10.win32_1.0.0.202111181127/tools/bin/../lib/gcc/arm-none-eabi/10.3.1/../../../../arm-none-eabi/lib/thumb/v7e-m+fp/hard\libc_nano.a(lib_a-init.o)
 .debug_frame   0x0000000000003028       0x30 c:/st/stm32cubeide_1.7.0/stm32cubeide/plugins/com.st.stm32cube.ide.mcu.externaltools.gnu-tools-for-stm32.10.3-2021.10.win32_1.0.0.202111181127/tools/bin/../lib/gcc/arm-none-eabi/10.3.1/../../../../arm-none-eabi/lib/thumb/v7e-m+fp/hard\libc_nano.a(lib_a-malloc.o)
 .debug_frame   0x0000000000003058       0x20 c:/st/stm32cubeide_1.7.0/stm32cubeide/plugins/com.st.stm32cube.ide.mcu.externaltools.gnu-tools-for-stm32.10.3-2021.10.win32_1.0.0.202111181127/tools/bin/../lib/gcc/arm-none-eabi/10.3.1/../../../../arm-none-eabi/lib/thumb/v7e-m+fp/hard\libc_nano.a(lib_a-memset.o)
 .debug_frame   0x0000000000003078       0x38 c:/st/stm32cubeide_1.7.0/stm32cubeide/plugins/com.st.stm32cube.ide.mcu.externaltools.gnu-tools-for-stm32.10.3-2021.10.win32_1.0.0.202111181127/tools/bin/../lib/gcc/arm-none-eabi/10.3.1/../../../../arm-none-eabi/lib/thumb/v7e-m+fp/hard\libc_nano.a(lib_a-nano-freer.o)
 .debug_frame   0x00000000000030b0       0x4c c:/st/stm32cubeide_1.7.0/stm32cubeide/plugins/com.st.stm32cube.ide.mcu.externaltools.gnu-tools-for-stm32.10.3-2021.10.win32_1.0.0.202111181127/tools/bin/../lib/gcc/arm-none-eabi/10.3.1/../../../../arm-none-eabi/lib/thumb/v7e-m+fp/hard\libc_nano.a(lib_a-nano-mallocr.o)
 .debug_frame   0x00000000000030fc       0x2c c:/st/stm32cubeide_1.7.0/stm32cubeide/plugins/com.st.stm32cube.ide.mcu.externaltools.gnu-tools-for-stm32.10.3-2021.10.win32_1.0.0.202111181127/tools/bin/../lib/gcc/arm-none-eabi/10.3.1/../../../../arm-none-eabi/lib/thumb/v7e-m+fp/hard\libc_nano.a(lib_a-sbrkr.o)