../Core/Src/clockcalendar.cpp:9:1:Clock::Clock(uint8_t, uint8_t, uint8_t, bool)	16	static
../Core/Src/clockcalendar.cpp:16:1:Clock::Clock()	16	static
../Core/Src/clockcalendar.cpp:23:6:void Clock::setClock(uint8_t, uint8_t, uint8_t, bool)	16	static
../Core/Src/clockcalendar.cpp:30:6:void Clock::readClock(uint8_t&, uint8_t&, uint8_t&, bool&)	24	static
../Core/Src/clockcalendar.cpp:37:9:uint8_t Clock::getSecond()	16	static
../Core/Src/clockcalendar.cpp:41:9:uint8_t Clock::getMinute()	16	static
../Core/Src/clockcalendar.cpp:45:9:uint8_t Clock::getHour()	16	static
../Core/Src/clockcalendar.cpp:49:6:bool Clock::getPMAM()	16	static
../Core/Src/clockcalendar.cpp:53:6:void Clock::advance()	16	static
../Core/Src/clockcalendar.cpp:72:1:Calendar::Calendar(uint8_t, uint8_t, uint8_t)	16	static
../Core/Src/clockcalendar.cpp:78:1:Calendar::Calendar()	16	static
../Core/Src/clockcalendar.cpp:84:6:void Calendar::setCalendar(uint8_t, uint8_t, uint8_t)	16	static
../Core/Src/clockcalendar.cpp:90:6:void Calendar::readCalendar(uint8_t&, uint8_t&, uint8_t&)	24	static
../Core/Src/clockcalendar.cpp:96:6:void Calendar::advance()	16	static
../Core/Src/clockcalendar.cpp:108:9:uint8_t Calendar::getDay()	16	static
../Core/Src/clockcalendar.cpp:112:9:uint8_t Calendar::getMonth()	16	static
../Core/Src/clockcalendar.cpp:116:9:uint8_t Calendar::getYear()	16	static
../Core/Src/clockcalendar.cpp:122:6:void ClockCalendar::advance()	24	static
