../Core/Inc/clockcalendar.h:42:3:ClockCalendar::ClockCalendar(uint8_t, uint8_t, uint8_t, uint8_t, uint8_t, uint8_t, bool)	32	static
../Core/Inc/model.h:24:7:Model::Model()	16	static
../Core/Inc/communication.h:15:7:Communication::Communication()	16	static
../Core/Inc/communication.h:23:7:Serial::Serial()	16	static
../Core/Src/main.cpp:75:5:int main()	104	static
../Core/Src/main.cpp:152:6:void SystemClock_Config()	88	static
../Core/Src/main.cpp:201:6:void HAL_GPIO_EXTI_Callback(uint16_t)	16	static
../Core/Src/main.cpp:206:6:void HAL_TIM_PeriodElapsedCallback(TIM_HandleTypeDef*)	16	static
../Core/Src/main.cpp:217:6:void Error_Handler()	4	static,ignoring_inline_asm
../Core/Src/main.cpp:226:1:void __static_initialization_and_destruction_0(int, int)	32	static
../Core/Src/main.cpp:226:1:cpp)	8	static
