../Core/Inc/clockcalendar.h:46:3:ClockCalendar::ClockCalendar(uint8_t, uint8_t, uint8_t, uint8_t, uint8_t, uint8_t, bool)	32	static
../Core/Inc/communication.h:14:7:Communication::Communication()	16	static
../Core/Inc/communication.h:22:7:Serial::Serial()	16	static
../Core/Src/main.cpp:71:5:int main()	40	static
../Core/Src/main.cpp:135:6:void SystemClock_Config()	88	static
../Core/Src/main.cpp:184:6:void HAL_GPIO_EXTI_Callback(uint16_t)	16	static
../Core/Src/main.cpp:194:6:void Error_Handler()	4	static,ignoring_inline_asm
../Core/Src/main.cpp:203:1:void __static_initialization_and_destruction_0(int, int)	32	static
../Core/Src/main.cpp:203:1:cpp)	8	static
